Archive member included to satisfy reference by file (symbol)

c:/st/stm32cubeide_1.5.0/stm32cubeide/plugins/com.st.stm32cube.ide.mcu.externaltools.gnu-tools-for-stm32.7-2018-q2-update.win32_1.5.0.202011040924/tools/bin/../lib/gcc/arm-none-eabi/7.3.1/../../../../arm-none-eabi/lib/thumb/v7e-m/fpv4-sp/hard\libstdc++.a(del_opv.o)
                              Src/JPEGDecoder.o (operator delete[](void*))
c:/st/stm32cubeide_1.5.0/stm32cubeide/plugins/com.st.stm32cube.ide.mcu.externaltools.gnu-tools-for-stm32.7-2018-q2-update.win32_1.5.0.202011040924/tools/bin/../lib/gcc/arm-none-eabi/7.3.1/../../../../arm-none-eabi/lib/thumb/v7e-m/fpv4-sp/hard\libstdc++.a(new_opv.o)
                              Src/JPEGDecoder.o (operator new[](unsigned int))
c:/st/stm32cubeide_1.5.0/stm32cubeide/plugins/com.st.stm32cube.ide.mcu.externaltools.gnu-tools-for-stm32.7-2018-q2-update.win32_1.5.0.202011040924/tools/bin/../lib/gcc/arm-none-eabi/7.3.1/../../../../arm-none-eabi/lib/thumb/v7e-m/fpv4-sp/hard\libstdc++.a(new_op.o)
                              c:/st/stm32cubeide_1.5.0/stm32cubeide/plugins/com.st.stm32cube.ide.mcu.externaltools.gnu-tools-for-stm32.7-2018-q2-update.win32_1.5.0.202011040924/tools/bin/../lib/gcc/arm-none-eabi/7.3.1/../../../../arm-none-eabi/lib/thumb/v7e-m/fpv4-sp/hard\libstdc++.a(new_opv.o) (operator new(unsigned int))
c:/st/stm32cubeide_1.5.0/stm32cubeide/plugins/com.st.stm32cube.ide.mcu.externaltools.gnu-tools-for-stm32.7-2018-q2-update.win32_1.5.0.202011040924/tools/bin/../lib/gcc/arm-none-eabi/7.3.1/../../../../arm-none-eabi/lib/thumb/v7e-m/fpv4-sp/hard\libstdc++.a(new_handler.o)
                              c:/st/stm32cubeide_1.5.0/stm32cubeide/plugins/com.st.stm32cube.ide.mcu.externaltools.gnu-tools-for-stm32.7-2018-q2-update.win32_1.5.0.202011040924/tools/bin/../lib/gcc/arm-none-eabi/7.3.1/../../../../arm-none-eabi/lib/thumb/v7e-m/fpv4-sp/hard\libstdc++.a(new_op.o) (std::get_new_handler())
c:/st/stm32cubeide_1.5.0/stm32cubeide/plugins/com.st.stm32cube.ide.mcu.externaltools.gnu-tools-for-stm32.7-2018-q2-update.win32_1.5.0.202011040924/tools/bin/../lib/gcc/arm-none-eabi/7.3.1/../../../../arm-none-eabi/lib/thumb/v7e-m/fpv4-sp/hard\libstdc++.a(del_op.o)
                              c:/st/stm32cubeide_1.5.0/stm32cubeide/plugins/com.st.stm32cube.ide.mcu.externaltools.gnu-tools-for-stm32.7-2018-q2-update.win32_1.5.0.202011040924/tools/bin/../lib/gcc/arm-none-eabi/7.3.1/../../../../arm-none-eabi/lib/thumb/v7e-m/fpv4-sp/hard\libstdc++.a(del_opv.o) (operator delete(void*))
c:/st/stm32cubeide_1.5.0/stm32cubeide/plugins/com.st.stm32cube.ide.mcu.externaltools.gnu-tools-for-stm32.7-2018-q2-update.win32_1.5.0.202011040924/tools/bin/../lib/gcc/arm-none-eabi/7.3.1/../../../../arm-none-eabi/lib/thumb/v7e-m/fpv4-sp/hard\libstdc++.a(eh_alloc.o)
                              c:/st/stm32cubeide_1.5.0/stm32cubeide/plugins/com.st.stm32cube.ide.mcu.externaltools.gnu-tools-for-stm32.7-2018-q2-update.win32_1.5.0.202011040924/tools/bin/../lib/gcc/arm-none-eabi/7.3.1/../../../../arm-none-eabi/lib/thumb/v7e-m/fpv4-sp/hard\libstdc++.a(new_op.o) (__cxa_allocate_exception)
c:/st/stm32cubeide_1.5.0/stm32cubeide/plugins/com.st.stm32cube.ide.mcu.externaltools.gnu-tools-for-stm32.7-2018-q2-update.win32_1.5.0.202011040924/tools/bin/../lib/gcc/arm-none-eabi/7.3.1/../../../../arm-none-eabi/lib/thumb/v7e-m/fpv4-sp/hard\libstdc++.a(bad_alloc.o)
                              c:/st/stm32cubeide_1.5.0/stm32cubeide/plugins/com.st.stm32cube.ide.mcu.externaltools.gnu-tools-for-stm32.7-2018-q2-update.win32_1.5.0.202011040924/tools/bin/../lib/gcc/arm-none-eabi/7.3.1/../../../../arm-none-eabi/lib/thumb/v7e-m/fpv4-sp/hard\libstdc++.a(new_op.o) (std::bad_alloc::~bad_alloc())
c:/st/stm32cubeide_1.5.0/stm32cubeide/plugins/com.st.stm32cube.ide.mcu.externaltools.gnu-tools-for-stm32.7-2018-q2-update.win32_1.5.0.202011040924/tools/bin/../lib/gcc/arm-none-eabi/7.3.1/../../../../arm-none-eabi/lib/thumb/v7e-m/fpv4-sp/hard\libstdc++.a(del_ops.o)
                              c:/st/stm32cubeide_1.5.0/stm32cubeide/plugins/com.st.stm32cube.ide.mcu.externaltools.gnu-tools-for-stm32.7-2018-q2-update.win32_1.5.0.202011040924/tools/bin/../lib/gcc/arm-none-eabi/7.3.1/../../../../arm-none-eabi/lib/thumb/v7e-m/fpv4-sp/hard\libstdc++.a(bad_alloc.o) (operator delete(void*, unsigned int))
c:/st/stm32cubeide_1.5.0/stm32cubeide/plugins/com.st.stm32cube.ide.mcu.externaltools.gnu-tools-for-stm32.7-2018-q2-update.win32_1.5.0.202011040924/tools/bin/../lib/gcc/arm-none-eabi/7.3.1/../../../../arm-none-eabi/lib/thumb/v7e-m/fpv4-sp/hard\libstdc++.a(eh_throw.o)
                              c:/st/stm32cubeide_1.5.0/stm32cubeide/plugins/com.st.stm32cube.ide.mcu.externaltools.gnu-tools-for-stm32.7-2018-q2-update.win32_1.5.0.202011040924/tools/bin/../lib/gcc/arm-none-eabi/7.3.1/../../../../arm-none-eabi/lib/thumb/v7e-m/fpv4-sp/hard\libstdc++.a(new_op.o) (__cxa_throw)
[...]
Memory Configuration

Name             Origin             Length             Attributes
RAM              0x0000000020000000 0x0000000000050000 xrw
FLASH            0x0000000008000000 0x0000000000100000 xr
DTCMRAM          0x0000000000000000 0xffffffffffffffff
*default*        0x0000000000000000 0xffffffffffffffff

Linker script and memory map

LOAD c:/st/stm32cubeide_1.5.0/stm32cubeide/plugins/com.st.stm32cube.ide.mcu.externaltools.gnu-tools-for-stm32.7-2018-q2-update.win32_1.5.0.202011040924/tools/bin/../lib/gcc/arm-none-eabi/7.3.1/thumb/v7e-m/fpv4-sp/hard/crti.o
LOAD c:/st/stm32cubeide_1.5.0/stm32cubeide/plugins/com.st.stm32cube.ide.mcu.externaltools.gnu-tools-for-stm32.7-2018-q2-update.win32_1.5.0.202011040924/tools/bin/../lib/gcc/arm-none-eabi/7.3.1/thumb/v7e-m/fpv4-sp/hard/crtbegin.o
LOAD c:/st/stm32cubeide_1.5.0/stm32cubeide/plugins/com.st.stm32cube.ide.mcu.externaltools.gnu-tools-for-stm32.7-2018-q2-update.win32_1.5.0.202011040924/tools/bin/../lib/gcc/arm-none-eabi/7.3.1/../../../../arm-none-eabi/lib/thumb/v7e-m/fpv4-sp/hard/crt0.o
LOAD Drivers/BSP/Components/exc7200/exc7200.o
LOAD Drivers/BSP/Components/ft5336/ft5336.o
LOAD Drivers/BSP/Components/mfxstm32l152/mfxstm32l152.o
LOAD Drivers/BSP/Components/ov9655/ov9655.o
LOAD Drivers/BSP/Components/s5k5cag/s5k5cag.o
LOAD Drivers/BSP/Components/stmpe811/stmpe811.o
LOAD Drivers/BSP/Components/ts3510/ts3510.o
LOAD Drivers/BSP/Components/wm8994/wm8994.o
LOAD Drivers/BSP/STM32746G-Discovery/stm32746g_discovery.o
LOAD Drivers/BSP/STM32746G-Discovery/stm32746g_discovery_audio.o
LOAD Drivers/BSP/STM32746G-Discovery/stm32746g_discovery_eeprom.o
LOAD Drivers/BSP/STM32746G-Discovery/stm32746g_discovery_lcd.o
LOAD Drivers/BSP/STM32746G-Discovery/stm32746g_discovery_qspi.o
LOAD Drivers/BSP/STM32746G-Discovery/stm32746g_discovery_sd.o
LOAD Drivers/BSP/STM32746G-Discovery/stm32746g_discovery_sdram.o
LOAD Drivers/BSP/STM32746G-Discovery/stm32746g_discovery_ts.o
LOAD Drivers/STM32F7xx_HAL_Driver/Src/stm32f7xx_hal.o
LOAD Drivers/STM32F7xx_HAL_Driver/Src/stm32f7xx_hal_adc.o
LOAD Drivers/STM32F7xx_HAL_Driver/Src/stm32f7xx_hal_adc_ex.o
LOAD Drivers/STM32F7xx_HAL_Driver/Src/stm32f7xx_hal_cortex.o
LOAD Drivers/STM32F7xx_HAL_Driver/Src/stm32f7xx_hal_dcmi.o
LOAD Drivers/STM32F7xx_HAL_Driver/Src/stm32f7xx_hal_dcmi_ex.o
LOAD Drivers/STM32F7xx_HAL_Driver/Src/stm32f7xx_hal_dma.o
LOAD Drivers/STM32F7xx_HAL_Driver/Src/stm32f7xx_hal_dma2d.o
LOAD Drivers/STM32F7xx_HAL_Driver/Src/stm32f7xx_hal_dma_ex.o
LOAD Drivers/STM32F7xx_HAL_Driver/Src/stm32f7xx_hal_dsi.o
LOAD Drivers/STM32F7xx_HAL_Driver/Src/stm32f7xx_hal_flash.o
LOAD Drivers/STM32F7xx_HAL_Driver/Src/stm32f7xx_hal_flash_ex.o
LOAD Drivers/STM32F7xx_HAL_Driver/Src/stm32f7xx_hal_gpio.o
LOAD Drivers/STM32F7xx_HAL_Driver/Src/stm32f7xx_hal_i2c.o
LOAD Drivers/STM32F7xx_HAL_Driver/Src/stm32f7xx_hal_i2c_ex.o
LOAD Drivers/STM32F7xx_HAL_Driver/Src/stm32f7xx_hal_ltdc.o
LOAD Drivers/STM32F7xx_HAL_Driver/Src/stm32f7xx_hal_ltdc_ex.o
LOAD Drivers/STM32F7xx_HAL_Driver/Src/stm32f7xx_hal_pwr.o
LOAD Drivers/STM32F7xx_HAL_Driver/Src/stm32f7xx_hal_pwr_ex.o
LOAD Drivers/STM32F7xx_HAL_Driver/Src/stm32f7xx_hal_qspi.o
LOAD Drivers/STM32F7xx_HAL_Driver/Src/stm32f7xx_hal_rcc.o
LOAD Drivers/STM32F7xx_HAL_Driver/Src/stm32f7xx_hal_rcc_ex.o
LOAD Drivers/STM32F7xx_HAL_Driver/Src/stm32f7xx_hal_rtc.o
LOAD Drivers/STM32F7xx_HAL_Driver/Src/stm32f7xx_hal_rtc_ex.o
LOAD Drivers/STM32F7xx_HAL_Driver/Src/stm32f7xx_hal_sai.o
LOAD Drivers/STM32F7xx_HAL_Driver/Src/stm32f7xx_hal_sai_ex.o
LOAD Drivers/STM32F7xx_HAL_Driver/Src/stm32f7xx_hal_sd.o
LOAD Drivers/STM32F7xx_HAL_Driver/Src/stm32f7xx_hal_sdram.o
LOAD Drivers/STM32F7xx_HAL_Driver/Src/stm32f7xx_hal_spi.o
LOAD Drivers/STM32F7xx_HAL_Driver/Src/stm32f7xx_hal_tim.o
LOAD Drivers/STM32F7xx_HAL_Driver/Src/stm32f7xx_hal_tim_ex.o
LOAD Drivers/STM32F7xx_HAL_Driver/Src/stm32f7xx_hal_uart.o
LOAD Drivers/STM32F7xx_HAL_Driver/Src/stm32f7xx_ll_fmc.o
LOAD Drivers/STM32F7xx_HAL_Driver/Src/stm32f7xx_ll_sdmmc.o
LOAD Src/JPEGDecoder.o
LOAD Src/camera.o
LOAD Src/camera_i2c.o
LOAD Src/camera_spi.o
LOAD Src/lcd.o
LOAD Src/main.o
LOAD Src/picojpeg.o
LOAD Src/startup_stm32f746xx.o
LOAD Src/stm32f7xx_hal_msp.o
LOAD Src/stm32f7xx_it.o
LOAD Src/system_stm32f7xx.o
LOAD Src/TinyEngine/codegen/Source/depthwise_kernel3x3_stride1_inplace_CHW_fpreq.o
LOAD Src/TinyEngine/codegen/Source/depthwise_kernel3x3_stride1_inplace_CHW_fpreq_bitmask.o
LOAD Src/TinyEngine/codegen/Source/depthwise_kernel3x3_stride1_inplace_CHW_fpreq_mask.o
LOAD Src/TinyEngine/codegen/Source/depthwise_kernel3x3_stride2_inplace_CHW_fpreq.o
LOAD Src/TinyEngine/codegen/Source/depthwise_kernel3x3_stride2_inplace_CHW_fpreq_bitmask.o
LOAD Src/TinyEngine/codegen/Source/depthwise_kernel3x3_stride2_inplace_CHW_fpreq_mask.o
LOAD Src/TinyEngine/codegen/Source/depthwise_kernel5x5_stride1_inplace_CHW_fpreq.o
LOAD Src/TinyEngine/codegen/Source/depthwise_kernel5x5_stride1_inplace_CHW_fpreq_bitmask.o
LOAD Src/TinyEngine/codegen/Source/depthwise_kernel5x5_stride1_inplace_CHW_fpreq_mask.o
LOAD Src/TinyEngine/codegen/Source/depthwise_kernel5x5_stride2_inplace_CHW_fpreq.o
LOAD Src/TinyEngine/codegen/Source/depthwise_kernel5x5_stride2_inplace_CHW_fpreq_bitmask.o
LOAD Src/TinyEngine/codegen/Source/depthwise_kernel5x5_stride2_inplace_CHW_fpreq_mask.o
LOAD Src/TinyEngine/codegen/Source/depthwise_kernel7x7_stride1_inplace_CHW_fpreq.o
LOAD Src/TinyEngine/codegen/Source/depthwise_kernel7x7_stride1_inplace_CHW_fpreq_bitmask.o
LOAD Src/TinyEngine/codegen/Source/depthwise_kernel7x7_stride1_inplace_CHW_fpreq_mask.o
LOAD Src/TinyEngine/codegen/Source/depthwise_kernel7x7_stride2_inplace_CHW_fpreq.o
LOAD Src/TinyEngine/codegen/Source/depthwise_kernel7x7_stride2_inplace_CHW_fpreq_bitmask.o
LOAD Src/TinyEngine/codegen/Source/depthwise_kernel7x7_stride2_inplace_CHW_fpreq_mask.o
LOAD Src/TinyEngine/codegen/Source/genModel.o
LOAD Src/TinyEngine/src/kernels/fp_backward_op/add_fp.o
LOAD Src/TinyEngine/src/kernels/fp_backward_op/div_fp.o
LOAD Src/TinyEngine/src/kernels/fp_backward_op/group_conv_fp_kernel4_stride1_pad0.o
LOAD Src/TinyEngine/src/kernels/fp_backward_op/group_conv_fp_kernel8_stride1_pad0.o
LOAD Src/TinyEngine/src/kernels/fp_backward_op/group_pointwise_conv_fp.o
LOAD Src/TinyEngine/src/kernels/fp_backward_op/less_fp.o
LOAD Src/TinyEngine/src/kernels/fp_backward_op/log_softmax_fp.o
LOAD Src/TinyEngine/src/kernels/fp_backward_op/mul_fp.o
LOAD Src/TinyEngine/src/kernels/fp_backward_op/negative_fp.o
LOAD Src/TinyEngine/src/kernels/fp_backward_op/nll_loss_fp.o
LOAD Src/TinyEngine/src/kernels/fp_backward_op/pointwise_conv_fp.o
LOAD Src/TinyEngine/src/kernels/fp_backward_op/strided_slice_3Dto3D_fp.o
LOAD Src/TinyEngine/src/kernels/fp_backward_op/strided_slice_4Dto4D_fp.o
LOAD Src/TinyEngine/src/kernels/fp_backward_op/sub_fp.o
LOAD Src/TinyEngine/src/kernels/fp_backward_op/sum_2D_fp.o
LOAD Src/TinyEngine/src/kernels/fp_backward_op/sum_3D_fp.o
LOAD Src/TinyEngine/src/kernels/fp_backward_op/sum_4D_exclude_fp.o
LOAD Src/TinyEngine/src/kernels/fp_backward_op/transpose_depthwise_conv_fp_kernel3_stride1_inpad1_outpad0.o
LOAD Src/TinyEngine/src/kernels/fp_backward_op/transpose_depthwise_conv_fp_kernel3_stride2_inpad1_outpad1.o
LOAD Src/TinyEngine/src/kernels/fp_backward_op/transpose_depthwise_conv_fp_kernel5_stride1_inpad2_outpad0.o
LOAD Src/TinyEngine/src/kernels/fp_backward_op/transpose_depthwise_conv_fp_kernel5_stride2_inpad2_outpad1.o
LOAD Src/TinyEngine/src/kernels/fp_backward_op/transpose_depthwise_conv_fp_kernel7_stride1_inpad3_outpad0.o
LOAD Src/TinyEngine/src/kernels/fp_backward_op/transpose_depthwise_conv_fp_kernel7_stride2_inpad3_outpad1.o
LOAD Src/TinyEngine/src/kernels/fp_backward_op/tte_exp_fp.o
LOAD Src/TinyEngine/src/kernels/fp_backward_op/where_fp.o
LOAD Src/TinyEngine/src/kernels/fp_requantize_op/add_fpreq.o
LOAD Src/TinyEngine/src/kernels/fp_requantize_op/convolve_1x1_s8_ch16_fpreq.o
LOAD Src/TinyEngine/src/kernels/fp_requantize_op/convolve_1x1_s8_ch24_fpreq.o
LOAD Src/TinyEngine/src/kernels/fp_requantize_op/convolve_1x1_s8_ch48_fpreq.o
LOAD Src/TinyEngine/src/kernels/fp_requantize_op/convolve_1x1_s8_ch8_fpreq.o
LOAD Src/TinyEngine/src/kernels/fp_requantize_op/convolve_1x1_s8_fpreq.o
LOAD Src/TinyEngine/src/kernels/fp_requantize_op/convolve_1x1_s8_fpreq_mask.o
LOAD Src/TinyEngine/src/kernels/fp_requantize_op/convolve_1x1_s8_fpreq_mask_partialCH.o
LOAD Src/TinyEngine/src/kernels/fp_requantize_op/convolve_s8_kernel3_inputch3_stride2_pad1_fpreq.o
LOAD Src/TinyEngine/src/kernels/fp_requantize_op/mat_mul_kernels_fpreq.o
LOAD Src/TinyEngine/src/kernels/int_forward_op/add.o
LOAD Src/TinyEngine/src/kernels/int_forward_op/arm_convolve_s8_4col.o
LOAD Src/TinyEngine/src/kernels/int_forward_op/arm_nn_mat_mult_kernel3_input3_s8_s16.o
LOAD Src/TinyEngine/src/kernels/int_forward_op/arm_nn_mat_mult_kernel_s8_s16_reordered_8mul.o
LOAD Src/TinyEngine/src/kernels/int_forward_op/arm_nn_mat_mult_kernel_s8_s16_reordered_oddch.o
LOAD Src/TinyEngine/src/kernels/int_forward_op/avgpooling.o
LOAD Src/TinyEngine/src/kernels/int_forward_op/concat_ch.o
LOAD Src/TinyEngine/src/kernels/int_forward_op/convolve_1x1_s8.o
LOAD Src/TinyEngine/src/kernels/int_forward_op/convolve_1x1_s8_SRAM.o
LOAD Src/TinyEngine/src/kernels/int_forward_op/convolve_1x1_s8_ch16.o
LOAD Src/TinyEngine/src/kernels/int_forward_op/convolve_1x1_s8_ch24.o
LOAD Src/TinyEngine/src/kernels/int_forward_op/convolve_1x1_s8_ch48.o
LOAD Src/TinyEngine/src/kernels/int_forward_op/convolve_1x1_s8_ch8.o
LOAD Src/TinyEngine/src/kernels/int_forward_op/convolve_1x1_s8_kbuf.o
LOAD Src/TinyEngine/src/kernels/int_forward_op/convolve_1x1_s8_oddch.o
LOAD Src/TinyEngine/src/kernels/int_forward_op/convolve_1x1_s8_skip_pad.o
LOAD Src/TinyEngine/src/kernels/int_forward_op/convolve_s8_kernel2x3_inputch3_stride2_pad1.o
LOAD Src/TinyEngine/src/kernels/int_forward_op/convolve_s8_kernel3_inputch3_stride2_pad1.o
LOAD Src/TinyEngine/src/kernels/int_forward_op/convolve_s8_kernel3_stride1_pad1.o
LOAD Src/TinyEngine/src/kernels/int_forward_op/convolve_s8_kernel3x2_inputch3_stride2_pad1.o
LOAD Src/TinyEngine/src/kernels/int_forward_op/convolve_u8_kernel3_inputch3_stride1_pad1.o
LOAD Src/TinyEngine/src/kernels/int_forward_op/convolve_u8_kernel3_inputch3_stride2_pad1.o
LOAD Src/TinyEngine/src/kernels/int_forward_op/element_mult.o
LOAD Src/TinyEngine/src/kernels/int_forward_op/fully_connected.o
LOAD Src/TinyEngine/src/kernels/int_forward_op/mat_mul_fp.o
LOAD Src/TinyEngine/src/kernels/int_forward_op/mat_mult_kernels.o
LOAD Src/TinyEngine/src/kernels/int_forward_op/maxpooling.o
LOAD Src/TinyEngine/src/kernels/int_forward_op/patchpadding_convolve_s8_kernel3_inputch3_stride2.o
LOAD Src/TinyEngine/src/kernels/int_forward_op/patchpadding_depthwise_kernel3x3_stride1_inplace_CHW.o
LOAD Src/TinyEngine/src/kernels/int_forward_op/patchpadding_depthwise_kernel3x3_stride2_inplace_CHW.o
LOAD Src/TinyEngine/src/kernels/int_forward_op/patchpadding_kbuf_convolve_s8_kernel3_inputch3_stride2.o
LOAD Src/TinyEngine/src/kernels/int_forward_op/stable_softmax.o
LOAD Src/TinyEngine/src/kernels/int_forward_op/upsample_byte.o
LOAD Src/TinyEngine/src/yoloOutput.o
LOAD Src/sys/_io.o
LOAD Src/sys/stubs.o
LOAD Utilities/Fonts/font12.o
LOAD Utilities/Fonts/font16.o
LOAD Utilities/Fonts/font20.o
LOAD Utilities/Fonts/font24.o
LOAD Utilities/Fonts/font8.o
START GROUP
LOAD c:/st/stm32cubeide_1.5.0/stm32cubeide/plugins/com.st.stm32cube.ide.mcu.externaltools.gnu-tools-for-stm32.7-2018-q2-update.win32_1.5.0.202011040924/tools/bin/../lib/gcc/arm-none-eabi/7.3.1/../../../../arm-none-eabi/lib/thumb/v7e-m/fpv4-sp/hard\libstdc++.a
LOAD c:/st/stm32cubeide_1.5.0/stm32cubeide/plugins/com.st.stm32cube.ide.mcu.externaltools.gnu-tools-for-stm32.7-2018-q2-update.win32_1.5.0.202011040924/tools/bin/../lib/gcc/arm-none-eabi/7.3.1/../../../../arm-none-eabi/lib/thumb/v7e-m/fpv4-sp/hard\libsupc++.a
END GROUP
LOAD c:/st/stm32cubeide_1.5.0/stm32cubeide/plugins/com.st.stm32cube.ide.mcu.externaltools.gnu-tools-for-stm32.7-2018-q2-update.win32_1.5.0.202011040924/tools/bin/../lib/gcc/arm-none-eabi/7.3.1/../../../../arm-none-eabi/lib/thumb/v7e-m/fpv4-sp/hard\libstdc++.a
LOAD c:/st/stm32cubeide_1.5.0/stm32cubeide/plugins/com.st.stm32cube.ide.mcu.externaltools.gnu-tools-for-stm32.7-2018-q2-update.win32_1.5.0.202011040924/tools/bin/../lib/gcc/arm-none-eabi/7.3.1/../../../../arm-none-eabi/lib/thumb/v7e-m/fpv4-sp/hard\libm.a
LOAD c:/st/stm32cubeide_1.5.0/stm32cubeide/plugins/com.st.stm32cube.ide.mcu.externaltools.gnu-tools-for-stm32.7-2018-q2-update.win32_1.5.0.202011040924/tools/bin/../lib/gcc/arm-none-eabi/7.3.1/../../../../arm-none-eabi/lib/thumb/v7e-m/fpv4-sp/hard\libc.a
START GROUP
LOAD c:/st/stm32cubeide_1.5.0/stm32cubeide/plugins/com.st.stm32cube.ide.mcu.externaltools.gnu-tools-for-stm32.7-2018-q2-update.win32_1.5.0.202011040924/tools/bin/../lib/gcc/arm-none-eabi/7.3.1/thumb/v7e-m/fpv4-sp/hard\libgcc.a
LOAD c:/st/stm32cubeide_1.5.0/stm32cubeide/plugins/com.st.stm32cube.ide.mcu.externaltools.gnu-tools-for-stm32.7-2018-q2-update.win32_1.5.0.202011040924/tools/bin/../lib/gcc/arm-none-eabi/7.3.1/../../../../arm-none-eabi/lib/thumb/v7e-m/fpv4-sp/hard\libc.a
END GROUP
START GROUP
LOAD c:/st/stm32cubeide_1.5.0/stm32cubeide/plugins/com.st.stm32cube.ide.mcu.externaltools.gnu-tools-for-stm32.7-2018-q2-update.win32_1.5.0.202011040924/tools/bin/../lib/gcc/arm-none-eabi/7.3.1/thumb/v7e-m/fpv4-sp/hard\libgcc.a
LOAD c:/st/stm32cubeide_1.5.0/stm32cubeide/plugins/com.st.stm32cube.ide.mcu.externaltools.gnu-tools-for-stm32.7-2018-q2-update.win32_1.5.0.202011040924/tools/bin/../lib/gcc/arm-none-eabi/7.3.1/../../../../arm-none-eabi/lib/thumb/v7e-m/fpv4-sp/hard\libc.a
LOAD c:/st/stm32cubeide_1.5.0/stm32cubeide/plugins/com.st.stm32cube.ide.mcu.externaltools.gnu-tools-for-stm32.7-2018-q2-update.win32_1.5.0.202011040924/tools/bin/../lib/gcc/arm-none-eabi/7.3.1/../../../../arm-none-eabi/lib/thumb/v7e-m/fpv4-sp/hard\libnosys.a
END GROUP
LOAD c:/st/stm32cubeide_1.5.0/stm32cubeide/plugins/com.st.stm32cube.ide.mcu.externaltools.gnu-tools-for-stm32.7-2018-q2-update.win32_1.5.0.202011040924/tools/bin/../lib/gcc/arm-none-eabi/7.3.1/thumb/v7e-m/fpv4-sp/hard/crtend.o
LOAD c:/st/stm32cubeide_1.5.0/stm32cubeide/plugins/com.st.stm32cube.ide.mcu.externaltools.gnu-tools-for-stm32.7-2018-q2-update.win32_1.5.0.202011040924/tools/bin/../lib/gcc/arm-none-eabi/7.3.1/thumb/v7e-m/fpv4-sp/hard/crtn.o
                0x000000002004ffff                _estack = 0x2004ffff
                0x0000000000000600                _Min_Heap_Size = 0x600
                0x0000000000000400                _Min_Stack_Size = 0x400

.isr_vector     0x0000000008000000      0x1c8
                0x0000000008000000                . = ALIGN (0x4)
 *(.isr_vector)
 .isr_vector    0x0000000008000000      0x1c8 Src/startup_stm32f746xx.o
                0x0000000008000000                g_pfnVectors
                0x00000000080001c8                . = ALIGN (0x4)

.text           0x00000000080001d0     0xcd94
                0x00000000080001d0                . = ALIGN (0x4)
 *(.text)
 .text          0x00000000080001d0       0x40 c:/st/stm32cubeide_1.5.0/stm32cubeide/plugins/com.st.stm32cube.ide.mcu.externaltools.gnu-tools-for-stm32.7-2018-q2-update.win32_1.5.0.202011040924/tools/bin/../lib/gcc/arm-none-eabi/7.3.1/thumb/v7e-m/fpv4-sp/hard/crtbegin.o
 .text          0x0000000008000210       0xa0 c:/st/stm32cubeide_1.5.0/stm32cubeide/plugins/com.st.stm32cube.ide.mcu.externaltools.gnu-tools-for-stm32.7-2018-q2-update.win32_1.5.0.202011040924/tools/bin/../lib/gcc/arm-none-eabi/7.3.1/../../../../arm-none-eabi/lib/thumb/v7e-m/fpv4-sp/hard\libc.a(lib_a-memchr.o)
                0x0000000008000210                memchr
 .text          0x00000000080002b0       0x10 c:/st/stm32cubeide_1.5.0/stm32cubeide/plugins/com.st.stm32cube.ide.mcu.externaltools.gnu-tools-for-stm32.7-2018-q2-update.win32_1.5.0.202011040924/tools/bin/../lib/gcc/arm-none-eabi/7.3.1/../../../../arm-none-eabi/lib/thumb/v7e-m/fpv4-sp/hard\libc.a(lib_a-strlen.o)
                0x00000000080002b0                strlen
 .text          0x00000000080002c0      0x378 c:/st/stm32cubeide_1.5.0/stm32cubeide/plugins/com.st.stm32cube.ide.mcu.externaltools.gnu-tools-for-stm32.7-2018-q2-update.win32_1.5.0.202011040924/tools/bin/../lib/gcc/arm-none-eabi/7.3.1/thumb/v7e-m/fpv4-sp/hard\libgcc.a(_arm_addsubdf3.o)
                0x00000000080002c0                __aeabi_drsub
                0x00000000080002c8                __aeabi_dsub
                0x00000000080002c8                __subdf3
                0x00000000080002cc                __aeabi_dadd
                0x00000000080002cc                __adddf3
                0x0000000008000544                __floatunsidf
                0x0000000008000544                __aeabi_ui2d
                0x0000000008000564                __floatsidf
                0x0000000008000564                __aeabi_i2d
                0x0000000008000588                __aeabi_f2d
                0x0000000008000588                __extendsfdf2
                0x00000000080005cc                __floatundidf
                0x00000000080005cc                __aeabi_ul2d
                0x00000000080005dc                __floatdidf
                0x00000000080005dc                __aeabi_l2d
 .text          0x0000000008000638      0x424 c:/st/stm32cubeide_1.5.0/stm32cubeide/plugins/com.st.stm32cube.ide.mcu.externaltools.gnu-tools-for-stm32.7-2018-q2-update.win32_1.5.0.202011040924/tools/bin/../lib/gcc/arm-none-eabi/7.3.1/thumb/v7e-m/fpv4-sp/hard\libgcc.a(_arm_muldivdf3.o)
                0x0000000008000638                __aeabi_dmul
                0x0000000008000638                __muldf3
                0x000000000800088c                __divdf3
                0x000000000800088c                __aeabi_ddiv
 .text          0x0000000008000a5c      0x110 c:/st/stm32cubeide_1.5.0/stm32cubeide/plugins/com.st.stm32cube.ide.mcu.externaltools.gnu-tools-for-stm32.7-2018-q2-update.win32_1.5.0.202011040924/tools/bin/../lib/gcc/arm-none-eabi/7.3.1/thumb/v7e-m/fpv4-sp/hard\libgcc.a(_arm_cmpdf2.o)
                0x0000000008000a5c                __gtdf2
                0x0000000008000a5c                __gedf2
                0x0000000008000a64                __ltdf2
                0x0000000008000a64                __ledf2
                0x0000000008000a6c                __nedf2
                0x0000000008000a6c                __eqdf2
                0x0000000008000a6c                __cmpdf2
                0x0000000008000ae8                __aeabi_cdrcmple
                0x0000000008000af8                __aeabi_cdcmpeq
                0x0000000008000af8                __aeabi_cdcmple
                0x0000000008000b08                __aeabi_dcmpeq
                0x0000000008000b1c                __aeabi_dcmplt
                0x0000000008000b30                __aeabi_dcmple
                0x0000000008000b44                __aeabi_dcmpge
                0x0000000008000b58                __aeabi_dcmpgt
 .text          0x0000000008000b6c       0x2c c:/st/stm32cubeide_1.5.0/stm32cubeide/plugins/com.st.stm32cube.ide.mcu.externaltools.gnu-tools-for-stm32.7-2018-q2-update.win32_1.5.0.202011040924/tools/bin/../lib/gcc/arm-none-eabi/7.3.1/thumb/v7e-m/fpv4-sp/hard\libgcc.a(_arm_unorddf2.o)
                0x0000000008000b6c                __unorddf2
                0x0000000008000b6c                __aeabi_dcmpun
 .text          0x0000000008000b98       0x50 c:/st/stm32cubeide_1.5.0/stm32cubeide/plugins/com.st.stm32cube.ide.mcu.externaltools.gnu-tools-for-stm32.7-2018-q2-update.win32_1.5.0.202011040924/tools/bin/../lib/gcc/arm-none-eabi/7.3.1/thumb/v7e-m/fpv4-sp/hard\libgcc.a(_arm_fixdfsi.o)
                0x0000000008000b98                __aeabi_d2iz
                0x0000000008000b98                __fixdfsi
 .text          0x0000000008000be8       0x30 c:/st/stm32cubeide_1.5.0/stm32cubeide/plugins/com.st.stm32cube.ide.mcu.externaltools.gnu-tools-for-stm32.7-2018-q2-update.win32_1.5.0.202011040924/tools/bin/../lib/gcc/arm-none-eabi/7.3.1/thumb/v7e-m/fpv4-sp/hard\libgcc.a(_aeabi_uldivmod.o)
                0x0000000008000be8                __aeabi_uldivmod
 .text          0x0000000008000c18      0x2cc c:/st/stm32cubeide_1.5.0/stm32cubeide/plugins/com.st.stm32cube.ide.mcu.externaltools.gnu-tools-for-stm32.7-2018-q2-update.win32_1.5.0.202011040924/tools/bin/../lib/gcc/arm-none-eabi/7.3.1/thumb/v7e-m/fpv4-sp/hard\libgcc.a(_udivmoddi4.o)
                0x0000000008000c18                __udivmoddi4
 .text          0x0000000008000ee4        0x4 c:/st/stm32cubeide_1.5.0/stm32cubeide/plugins/com.st.stm32cube.ide.mcu.externaltools.gnu-tools-for-stm32.7-2018-q2-update.win32_1.5.0.202011040924/tools/bin/../lib/gcc/arm-none-eabi/7.3.1/thumb/v7e-m/fpv4-sp/hard\libgcc.a(_dvmd_tls.o)
                0x0000000008000ee4                __aeabi_idiv0
                0x0000000008000ee4                __aeabi_ldiv0
 *(.text*)
 .text.BSP_PB_Init
                0x0000000008000ee8       0xb0 Drivers/BSP/STM32746G-Discovery/stm32746g_discovery.o
                0x0000000008000ee8                BSP_PB_Init
 .text.BSP_LCD_GetXSize
                0x0000000008000f98       0x18 Drivers/BSP/STM32746G-Discovery/stm32746g_discovery_lcd.o
                0x0000000008000f98                BSP_LCD_GetXSize
 .text.BSP_LCD_GetYSize
                0x0000000008000fb0       0x18 Drivers/BSP/STM32746G-Discovery/stm32746g_discovery_lcd.o
                0x0000000008000fb0                BSP_LCD_GetYSize
 .text.BSP_LCD_LayerRgb565Init
                0x0000000008000fc8       0x80 Drivers/BSP/STM32746G-Discovery/stm32746g_discovery_lcd.o
                0x0000000008000fc8                BSP_LCD_LayerRgb565Init
 .text.BSP_LCD_SelectLayer
                0x0000000008001048        0xc Drivers/BSP/STM32746G-Discovery/stm32746g_discovery_lcd.o
                0x0000000008001048                BSP_LCD_SelectLayer
 .text.BSP_LCD_SetTransparency
                0x0000000008001054        0xc Drivers/BSP/STM32746G-Discovery/stm32746g_discovery_lcd.o
                0x0000000008001054                BSP_LCD_SetTransparency
 .text.BSP_LCD_SetTextColor
                0x0000000008001060       0x18 Drivers/BSP/STM32746G-Discovery/stm32746g_discovery_lcd.o
                0x0000000008001060                BSP_LCD_SetTextColor
 .text.BSP_LCD_Clear
                0x0000000008001078       0x80 Drivers/BSP/STM32746G-Discovery/stm32746g_discovery_lcd.o
                0x0000000008001078                BSP_LCD_Clear
 .text.BSP_LCD_DisplayChar
                0x00000000080010f8      0x100 Drivers/BSP/STM32746G-Discovery/stm32746g_discovery_lcd.o
                0x00000000080010f8                BSP_LCD_DisplayChar
 .text.BSP_LCD_DisplayStringAt
                0x00000000080011f8       0xb8 Drivers/BSP/STM32746G-Discovery/stm32746g_discovery_lcd.o
                0x00000000080011f8                BSP_LCD_DisplayStringAt
 .text.BSP_LCD_DrawPixel
                0x00000000080012b0       0x38 Drivers/BSP/STM32746G-Discovery/stm32746g_discovery_lcd.o
                0x00000000080012b0                BSP_LCD_DrawPixel
 .text.BSP_LCD_DisplayOn
                0x00000000080012e8       0x34 Drivers/BSP/STM32746G-Discovery/stm32746g_discovery_lcd.o
                0x00000000080012e8                BSP_LCD_DisplayOn
 .text.BSP_LCD_MspInit
                0x000000000800131c      0x154 Drivers/BSP/STM32746G-Discovery/stm32746g_discovery_lcd.o
                0x000000000800131c                BSP_LCD_MspInit
 .text.BSP_LCD_ClockConfig
                0x0000000008001470       0x24 Drivers/BSP/STM32746G-Discovery/stm32746g_discovery_lcd.o
                0x0000000008001470                BSP_LCD_ClockConfig
 .text.BSP_LCD_Init
                0x0000000008001494       0xb8 Drivers/BSP/STM32746G-Discovery/stm32746g_discovery_lcd.o
                0x0000000008001494                BSP_LCD_Init
 .text.BSP_SDRAM_MspInit
                0x000000000800154c      0x174 Drivers/BSP/STM32746G-Discovery/stm32746g_discovery_sdram.o
                0x000000000800154c                BSP_SDRAM_MspInit
 .text.BSP_SDRAM_Init
                0x00000000080016c0      0x110 Drivers/BSP/STM32746G-Discovery/stm32746g_discovery_sdram.o
                0x00000000080016c0                BSP_SDRAM_Init
 .text.HAL_MspInit
                0x00000000080017d0        0x4 Drivers/STM32F7xx_HAL_Driver/Src/stm32f7xx_hal.o
                0x00000000080017d0                HAL_MspInit
 .text.HAL_InitTick
                0x00000000080017d4       0x48 Drivers/STM32F7xx_HAL_Driver/Src/stm32f7xx_hal.o
                0x00000000080017d4                HAL_InitTick
 .text.HAL_Init
                0x000000000800181c       0x2c Drivers/STM32F7xx_HAL_Driver/Src/stm32f7xx_hal.o
                0x000000000800181c                HAL_Init
 .text.HAL_IncTick
                0x0000000008001848       0x18 Drivers/STM32F7xx_HAL_Driver/Src/stm32f7xx_hal.o
                0x0000000008001848                HAL_IncTick
 .text.HAL_GetTick
                0x0000000008001860        0xc Drivers/STM32F7xx_HAL_Driver/Src/stm32f7xx_hal.o
                0x0000000008001860                HAL_GetTick
 .text.HAL_Delay
                0x000000000800186c       0x24 Drivers/STM32F7xx_HAL_Driver/Src/stm32f7xx_hal.o
                0x000000000800186c                HAL_Delay
 .text.HAL_NVIC_SetPriorityGrouping
                0x0000000008001890       0x28 Drivers/STM32F7xx_HAL_Driver/Src/stm32f7xx_hal_cortex.o
                0x0000000008001890                HAL_NVIC_SetPriorityGrouping
 .text.HAL_NVIC_SetPriority
                0x00000000080018b8       0x6c Drivers/STM32F7xx_HAL_Driver/Src/stm32f7xx_hal_cortex.o
                0x00000000080018b8                HAL_NVIC_SetPriority
 .text.HAL_NVIC_EnableIRQ
                0x0000000008001924       0x1c Drivers/STM32F7xx_HAL_Driver/Src/stm32f7xx_hal_cortex.o
                0x0000000008001924                HAL_NVIC_EnableIRQ
 .text.HAL_SYSTICK_Config
                0x0000000008001940       0x30 Drivers/STM32F7xx_HAL_Driver/Src/stm32f7xx_hal_cortex.o
                0x0000000008001940                HAL_SYSTICK_Config
 .text.HAL_DMA_Init
                0x0000000008001970      0x138 Drivers/STM32F7xx_HAL_Driver/Src/stm32f7xx_hal_dma.o
                0x0000000008001970                HAL_DMA_Init
 .text.HAL_DMA_DeInit
                0x0000000008001aa8       0x84 Drivers/STM32F7xx_HAL_Driver/Src/stm32f7xx_hal_dma.o
                0x0000000008001aa8                HAL_DMA_DeInit
 .text.HAL_DMA2D_MspInit
                0x0000000008001b2c        0x4 Drivers/STM32F7xx_HAL_Driver/Src/stm32f7xx_hal_dma2d.o
                0x0000000008001b2c                HAL_DMA2D_MspInit
 .text.HAL_DMA2D_Init
                0x0000000008001b30       0x5c Drivers/STM32F7xx_HAL_Driver/Src/stm32f7xx_hal_dma2d.o
                0x0000000008001b30                HAL_DMA2D_Init
 .text.HAL_DMA2D_Start
                0x0000000008001b8c       0xac Drivers/STM32F7xx_HAL_Driver/Src/stm32f7xx_hal_dma2d.o
                0x0000000008001b8c                HAL_DMA2D_Start
 .text.HAL_DMA2D_PollForTransfer
                0x0000000008001c38      0x12c Drivers/STM32F7xx_HAL_Driver/Src/stm32f7xx_hal_dma2d.o
                0x0000000008001c38                HAL_DMA2D_PollForTransfer
 .text.HAL_DMA2D_ConfigLayer
                0x0000000008001d64       0xa4 Drivers/STM32F7xx_HAL_Driver/Src/stm32f7xx_hal_dma2d.o
                0x0000000008001d64                HAL_DMA2D_ConfigLayer
 .text.HAL_GPIO_Init
                0x0000000008001e08      0x23c Drivers/STM32F7xx_HAL_Driver/Src/stm32f7xx_hal_gpio.o
                0x0000000008001e08                HAL_GPIO_Init
 .text.HAL_GPIO_WritePin
                0x0000000008002044        0x8 Drivers/STM32F7xx_HAL_Driver/Src/stm32f7xx_hal_gpio.o
                0x0000000008002044                HAL_GPIO_WritePin
 .text.HAL_LTDC_Init
                0x000000000800204c       0xf0 Drivers/STM32F7xx_HAL_Driver/Src/stm32f7xx_hal_ltdc.o
                0x000000000800204c                HAL_LTDC_Init
 .text.HAL_LTDC_ConfigLayer
                0x000000000800213c      0x190 Drivers/STM32F7xx_HAL_Driver/Src/stm32f7xx_hal_ltdc.o
                0x000000000800213c                HAL_LTDC_ConfigLayer
 .text.HAL_LTDC_SetAlpha
                0x00000000080022cc      0x198 Drivers/STM32F7xx_HAL_Driver/Src/stm32f7xx_hal_ltdc.o
                0x00000000080022cc                HAL_LTDC_SetAlpha
 .text.HAL_LTDC_GetState
                0x0000000008002464        0x8 Drivers/STM32F7xx_HAL_Driver/Src/stm32f7xx_hal_ltdc.o
                0x0000000008002464                HAL_LTDC_GetState
 .text.HAL_PWREx_EnableOverDrive
                0x000000000800246c       0x78 Drivers/STM32F7xx_HAL_Driver/Src/stm32f7xx_hal_pwr_ex.o
                0x000000000800246c                HAL_PWREx_EnableOverDrive
 .text.HAL_RCC_OscConfig
                0x00000000080024e4      0x398 Drivers/STM32F7xx_HAL_Driver/Src/stm32f7xx_hal_rcc.o
                0x00000000080024e4                HAL_RCC_OscConfig
 .text.HAL_RCC_ClockConfig
                0x000000000800287c      0x194 Drivers/STM32F7xx_HAL_Driver/Src/stm32f7xx_hal_rcc.o
                0x000000000800287c                HAL_RCC_ClockConfig
 .text.HAL_RCCEx_PeriphCLKConfig
                0x0000000008002a10      0x540 Drivers/STM32F7xx_HAL_Driver/Src/stm32f7xx_hal_rcc_ex.o
                0x0000000008002a10                HAL_RCCEx_PeriphCLKConfig
 .text.HAL_SDRAM_MspInit
                0x0000000008002f50        0x4 Drivers/STM32F7xx_HAL_Driver/Src/stm32f7xx_hal_sdram.o
                0x0000000008002f50                HAL_SDRAM_MspInit
 .text.HAL_SDRAM_Init
                0x0000000008002f54       0x44 Drivers/STM32F7xx_HAL_Driver/Src/stm32f7xx_hal_sdram.o
                0x0000000008002f54                HAL_SDRAM_Init
 .text.HAL_SDRAM_SendCommand
                0x0000000008002f98       0x34 Drivers/STM32F7xx_HAL_Driver/Src/stm32f7xx_hal_sdram.o
                0x0000000008002f98                HAL_SDRAM_SendCommand
 .text.HAL_SDRAM_ProgramRefreshRate
                0x0000000008002fcc       0x28 Drivers/STM32F7xx_HAL_Driver/Src/stm32f7xx_hal_sdram.o
                0x0000000008002fcc                HAL_SDRAM_ProgramRefreshRate
 .text.FMC_SDRAM_Init
                0x0000000008002ff4       0x7c Drivers/STM32F7xx_HAL_Driver/Src/stm32f7xx_ll_fmc.o
                0x0000000008002ff4                FMC_SDRAM_Init
 .text.FMC_SDRAM_Timing_Init
                0x0000000008003070       0xa4 Drivers/STM32F7xx_HAL_Driver/Src/stm32f7xx_ll_fmc.o
                0x0000000008003070                FMC_SDRAM_Timing_Init
 .text.FMC_SDRAM_SendCommand
                0x0000000008003114       0x2c Drivers/STM32F7xx_HAL_Driver/Src/stm32f7xx_ll_fmc.o
                0x0000000008003114                FMC_SDRAM_SendCommand
 .text.FMC_SDRAM_ProgramRefreshRate
                0x0000000008003140       0x10 Drivers/STM32F7xx_HAL_Driver/Src/stm32f7xx_ll_fmc.o
                0x0000000008003140                FMC_SDRAM_ProgramRefreshRate
 .text.startup._GLOBAL__sub_I_JpegDec
                0x0000000008003150       0x18 Src/JPEGDecoder.o
 .text.exit._GLOBAL__sub_D_JpegDec
                0x0000000008003168       0x10 Src/JPEGDecoder.o
 .text._Z13loadRGB565LCDmmmmPth
                0x0000000008003178       0xbc Src/lcd.o
                0x0000000008003178                loadRGB565LCD(unsigned long, unsigned long, unsigned long, unsigned long, unsigned short*, unsigned char)
 .text._Z13displaystringPcii
                0x0000000008003234       0x14 Src/lcd.o
                0x0000000008003234                displaystring(char*, int, int)
 .text._Z14detectResponseifiii
                0x0000000008003248      0x348 Src/lcd.o
                0x0000000008003248                detectResponse(int, float, int, int, int)
 .text._Z8lcdsetupv
                0x0000000008003590       0x84 Src/lcd.o
                0x0000000008003590                lcdsetup()
 .text._Z27invoke_new_weights_givenimgPa
                0x0000000008003614       0x20 Src/main.o
                0x0000000008003614                invoke_new_weights_givenimg(signed char*)
 .text.startup.main
                0x0000000008003634      0x5a8 Src/main.o
                0x0000000008003634                main
 .text.Reset_Handler
                0x0000000008003bdc       0x50 Src/startup_stm32f746xx.o
                0x0000000008003bdc                Reset_Handler
 .text.Default_Handler
                0x0000000008003c2c        0x2 Src/startup_stm32f746xx.o
                0x0000000008003c2c                RTC_Alarm_IRQHandler
                0x0000000008003c2c                EXTI2_IRQHandler
                0x0000000008003c2c                TIM8_CC_IRQHandler
                0x0000000008003c2c                UART8_IRQHandler
                0x0000000008003c2c                SPI4_IRQHandler
                0x0000000008003c2c                TIM1_CC_IRQHandler
                0x0000000008003c2c                DMA2_Stream5_IRQHandler
                0x0000000008003c2c                DMA1_Stream5_IRQHandler
                0x0000000008003c2c                PVD_IRQHandler
                0x0000000008003c2c                TAMP_STAMP_IRQHandler
                0x0000000008003c2c                CAN2_RX1_IRQHandler
                0x0000000008003c2c                EXTI3_IRQHandler
                0x0000000008003c2c                TIM8_TRG_COM_TIM14_IRQHandler
                0x0000000008003c2c                TIM1_UP_TIM10_IRQHandler
                0x0000000008003c2c                TIM8_UP_TIM13_IRQHandler
                0x0000000008003c2c                I2C3_ER_IRQHandler
                0x0000000008003c2c                EXTI0_IRQHandler
                0x0000000008003c2c                I2C2_EV_IRQHandler
                0x0000000008003c2c                DMA1_Stream2_IRQHandler
                0x0000000008003c2c                CAN1_RX0_IRQHandler
                0x0000000008003c2c                FPU_IRQHandler
                0x0000000008003c2c                OTG_HS_WKUP_IRQHandler
                0x0000000008003c2c                LTDC_ER_IRQHandler
                0x0000000008003c2c                CAN2_SCE_IRQHandler
                0x0000000008003c2c                DMA2_Stream2_IRQHandler
                0x0000000008003c2c                SPI1_IRQHandler
                0x0000000008003c2c                TIM6_DAC_IRQHandler
                0x0000000008003c2c                TIM1_BRK_TIM9_IRQHandler
                0x0000000008003c2c                DCMI_IRQHandler
                0x0000000008003c2c                CAN2_RX0_IRQHandler
                0x0000000008003c2c                DMA2_Stream3_IRQHandler
                0x0000000008003c2c                SAI2_IRQHandler
                0x0000000008003c2c                USART6_IRQHandler
                0x0000000008003c2c                USART3_IRQHandler
                0x0000000008003c2c                CAN1_RX1_IRQHandler
                0x0000000008003c2c                UART5_IRQHandler
                0x0000000008003c2c                DMA2_Stream0_IRQHandler
                0x0000000008003c2c                TIM4_IRQHandler
                0x0000000008003c2c                QUADSPI_IRQHandler
                0x0000000008003c2c                I2C1_EV_IRQHandler
                0x0000000008003c2c                DMA1_Stream6_IRQHandler
                0x0000000008003c2c                DMA1_Stream1_IRQHandler
                0x0000000008003c2c                UART4_IRQHandler
                0x0000000008003c2c                TIM3_IRQHandler
                0x0000000008003c2c                RCC_IRQHandler
                0x0000000008003c2c                TIM8_BRK_TIM12_IRQHandler
                0x0000000008003c2c                Default_Handler
                0x0000000008003c2c                CEC_IRQHandler
                0x0000000008003c2c                EXTI15_10_IRQHandler
                0x0000000008003c2c                ADC_IRQHandler
                0x0000000008003c2c                DMA1_Stream7_IRQHandler
                0x0000000008003c2c                SPI5_IRQHandler
                0x0000000008003c2c                TIM7_IRQHandler
                0x0000000008003c2c                SDMMC1_IRQHandler
                0x0000000008003c2c                CAN2_TX_IRQHandler
                0x0000000008003c2c                TIM5_IRQHandler
                0x0000000008003c2c                DMA2_Stream7_IRQHandler
                0x0000000008003c2c                I2C3_EV_IRQHandler
                0x0000000008003c2c                EXTI9_5_IRQHandler
                0x0000000008003c2c                RTC_WKUP_IRQHandler
                0x0000000008003c2c                LTDC_IRQHandler
                0x0000000008003c2c                ETH_WKUP_IRQHandler
                0x0000000008003c2c                SPDIF_RX_IRQHandler
                0x0000000008003c2c                SPI2_IRQHandler
                0x0000000008003c2c                OTG_HS_EP1_IN_IRQHandler
                0x0000000008003c2c                DMA1_Stream0_IRQHandler
                0x0000000008003c2c                CAN1_TX_IRQHandler
                0x0000000008003c2c                EXTI4_IRQHandler
                0x0000000008003c2c                RNG_IRQHandler
                0x0000000008003c2c                ETH_IRQHandler
                0x0000000008003c2c                OTG_HS_EP1_OUT_IRQHandler
                0x0000000008003c2c                WWDG_IRQHandler
                0x0000000008003c2c                SPI6_IRQHandler
                0x0000000008003c2c                I2C4_EV_IRQHandler
                0x0000000008003c2c                TIM2_IRQHandler
                0x0000000008003c2c                OTG_FS_WKUP_IRQHandler
                0x0000000008003c2c                TIM1_TRG_COM_TIM11_IRQHandler
                0x0000000008003c2c                OTG_HS_IRQHandler
                0x0000000008003c2c                DMA2D_IRQHandler
                0x0000000008003c2c                EXTI1_IRQHandler
                0x0000000008003c2c                UART7_IRQHandler
                0x0000000008003c2c                USART2_IRQHandler
                0x0000000008003c2c                I2C2_ER_IRQHandler
                0x0000000008003c2c                DMA2_Stream1_IRQHandler
                0x0000000008003c2c                CAN1_SCE_IRQHandler
                0x0000000008003c2c                FLASH_IRQHandler
                0x0000000008003c2c                DMA2_Stream4_IRQHandler
                0x0000000008003c2c                USART1_IRQHandler
                0x0000000008003c2c                OTG_FS_IRQHandler
                0x0000000008003c2c                SPI3_IRQHandler
                0x0000000008003c2c                DMA1_Stream4_IRQHandler
                0x0000000008003c2c                I2C1_ER_IRQHandler
                0x0000000008003c2c                FMC_IRQHandler
                0x0000000008003c2c                LPTIM1_IRQHandler
                0x0000000008003c2c                I2C4_ER_IRQHandler
                0x0000000008003c2c                DMA2_Stream6_IRQHandler
                0x0000000008003c2c                SAI1_IRQHandler
                0x0000000008003c2c                DMA1_Stream3_IRQHandler
 *fill*         0x0000000008003c2e        0x2 
 .text.HAL_LTDC_MspInit
                0x0000000008003c30      0x128 Src/stm32f7xx_hal_msp.o
                0x0000000008003c30                HAL_LTDC_MspInit
 .text.NMI_Handler
                0x0000000008003d58        0x4 Src/stm32f7xx_it.o
                0x0000000008003d58                NMI_Handler
 .text.HardFault_Handler
                0x0000000008003d5c        0x4 Src/stm32f7xx_it.o
                0x0000000008003d5c                HardFault_Handler
 .text.MemManage_Handler
                0x0000000008003d60        0x4 Src/stm32f7xx_it.o
                0x0000000008003d60                MemManage_Handler
 .text.BusFault_Handler
                0x0000000008003d64        0x4 Src/stm32f7xx_it.o
                0x0000000008003d64                BusFault_Handler
 .text.UsageFault_Handler
                0x0000000008003d68        0x4 Src/stm32f7xx_it.o
                0x0000000008003d68                UsageFault_Handler
 .text.SVC_Handler
                0x0000000008003d6c        0x4 Src/stm32f7xx_it.o
                0x0000000008003d6c                SVC_Handler
 .text.DebugMon_Handler
                0x0000000008003d70        0x4 Src/stm32f7xx_it.o
                0x0000000008003d70                DebugMon_Handler
 .text.PendSV_Handler
                0x0000000008003d74        0x4 Src/stm32f7xx_it.o
                0x0000000008003d74                PendSV_Handler
 .text.SysTick_Handler
                0x0000000008003d78        0x4 Src/stm32f7xx_it.o
                0x0000000008003d78                SysTick_Handler
 .text.SystemInit
                0x0000000008003d7c       0x50 Src/system_stm32f7xx.o
                0x0000000008003d7c                SystemInit
 .text.depthwise_kernel3x3_stride1_inplace_CHW_fpreq
                0x0000000008003dcc      0x5ec Src/TinyEngine/codegen/Source/depthwise_kernel3x3_stride1_inplace_CHW_fpreq.o
                0x0000000008003dcc                depthwise_kernel3x3_stride1_inplace_CHW_fpreq
 .text.depthwise_kernel3x3_stride2_inplace_CHW_fpreq
                0x00000000080043b8      0x618 Src/TinyEngine/codegen/Source/depthwise_kernel3x3_stride2_inplace_CHW_fpreq.o
                0x00000000080043b8                depthwise_kernel3x3_stride2_inplace_CHW_fpreq
 .text.depthwise_kernel5x5_stride1_inplace_CHW_fpreq
                0x00000000080049d0      0x60c Src/TinyEngine/codegen/Source/depthwise_kernel5x5_stride1_inplace_CHW_fpreq.o
                0x00000000080049d0                depthwise_kernel5x5_stride1_inplace_CHW_fpreq
 .text.depthwise_kernel5x5_stride2_inplace_CHW_fpreq
                0x0000000008004fdc      0x658 Src/TinyEngine/codegen/Source/depthwise_kernel5x5_stride2_inplace_CHW_fpreq.o
                0x0000000008004fdc                depthwise_kernel5x5_stride2_inplace_CHW_fpreq
 .text.depthwise_kernel7x7_stride1_inplace_kernel_CHW_fpreq
                0x0000000008005634      0x784 Src/TinyEngine/codegen/Source/depthwise_kernel7x7_stride1_inplace_CHW_fpreq.o
                0x0000000008005634                depthwise_kernel7x7_stride1_inplace_kernel_CHW_fpreq
 .text.depthwise_kernel7x7_stride1_inplace_CHW_fpreq
                0x0000000008005db8      0x1cc Src/TinyEngine/codegen/Source/depthwise_kernel7x7_stride1_inplace_CHW_fpreq.o
                0x0000000008005db8                depthwise_kernel7x7_stride1_inplace_CHW_fpreq
 .text.depthwise_kernel7x7_stride2_inplace_kernel_CHW_fpreq
                0x0000000008005f84      0x7d8 Src/TinyEngine/codegen/Source/depthwise_kernel7x7_stride2_inplace_CHW_fpreq.o
                0x0000000008005f84                depthwise_kernel7x7_stride2_inplace_kernel_CHW_fpreq
 .text.depthwise_kernel7x7_stride2_inplace_CHW_fpreq
                0x000000000800675c      0x1cc Src/TinyEngine/codegen/Source/depthwise_kernel7x7_stride2_inplace_CHW_fpreq.o
                0x000000000800675c                depthwise_kernel7x7_stride2_inplace_CHW_fpreq
 .text.getInput
                0x0000000008006928        0x8 Src/TinyEngine/codegen/Source/genModel.o
                0x0000000008006928                getInput
 .text.getOutput
                0x0000000008006930        0x8 Src/TinyEngine/codegen/Source/genModel.o
                0x0000000008006930                getOutput
 .text.invoke   0x0000000008006938     0x1038 Src/TinyEngine/codegen/Source/genModel.o
                0x0000000008006938                invoke
 .text.add_fpreq
                0x0000000008007970       0x9c Src/TinyEngine/src/kernels/fp_requantize_op/add_fpreq.o
                0x0000000008007970                add_fpreq
 .text.convolve_1x1_s8_ch16_fpreq
                0x0000000008007a0c      0x1c0 Src/TinyEngine/src/kernels/fp_requantize_op/convolve_1x1_s8_ch16_fpreq.o
                0x0000000008007a0c                convolve_1x1_s8_ch16_fpreq
 .text.convolve_1x1_s8_ch24_fpreq
                0x0000000008007bcc      0x1c0 Src/TinyEngine/src/kernels/fp_requantize_op/convolve_1x1_s8_ch24_fpreq.o
                0x0000000008007bcc                convolve_1x1_s8_ch24_fpreq
 .text.convolve_1x1_s8_ch48_fpreq
                0x0000000008007d8c      0x1c0 Src/TinyEngine/src/kernels/fp_requantize_op/convolve_1x1_s8_ch48_fpreq.o
                0x0000000008007d8c                convolve_1x1_s8_ch48_fpreq
 .text.convolve_1x1_s8_ch8_fpreq
                0x0000000008007f4c      0x1c0 Src/TinyEngine/src/kernels/fp_requantize_op/convolve_1x1_s8_ch8_fpreq.o
                0x0000000008007f4c                convolve_1x1_s8_ch8_fpreq
 .text.convolve_1x1_s8_fpreq
                0x000000000800810c      0x1c8 Src/TinyEngine/src/kernels/fp_requantize_op/convolve_1x1_s8_fpreq.o
                0x000000000800810c                convolve_1x1_s8_fpreq
 .text.convolve_s8_kernel3_inputch3_stride2_pad1_fpreq
                0x00000000080082d4      0x660 Src/TinyEngine/src/kernels/fp_requantize_op/convolve_s8_kernel3_inputch3_stride2_pad1_fpreq.o
                0x00000000080082d4                convolve_s8_kernel3_inputch3_stride2_pad1_fpreq
 .text.mat_mult_kernel_s8_s16_reordered_ch48_fpreq
                0x0000000008008934      0x4d8 Src/TinyEngine/src/kernels/fp_requantize_op/mat_mul_kernels_fpreq.o
                0x0000000008008934                mat_mult_kernel_s8_s16_reordered_ch48_fpreq
 .text.mat_mult_kernel_s8_s16_reordered_ch16_fpreq
                0x0000000008008e0c      0x27c Src/TinyEngine/src/kernels/fp_requantize_op/mat_mul_kernels_fpreq.o
                0x0000000008008e0c                mat_mult_kernel_s8_s16_reordered_ch16_fpreq
 .text.mat_mult_kernel_s8_s16_reordered_ch24_fpreq
                0x0000000008009088      0x314 Src/TinyEngine/src/kernels/fp_requantize_op/mat_mul_kernels_fpreq.o
                0x0000000008009088                mat_mult_kernel_s8_s16_reordered_ch24_fpreq
 .text.mat_mult_kernel_s8_s16_reordered_fpreq
                0x000000000800939c      0x2a4 Src/TinyEngine/src/kernels/fp_requantize_op/mat_mul_kernels_fpreq.o
                0x000000000800939c                mat_mult_kernel_s8_s16_reordered_fpreq
 .text.mat_mult_kernel3_input3_s8_s16_fpreq
                0x0000000008009640      0x2d4 Src/TinyEngine/src/kernels/fp_requantize_op/mat_mul_kernels_fpreq.o
                0x0000000008009640                mat_mult_kernel3_input3_s8_s16_fpreq
 .text.avg_pooling
                0x0000000008009914       0xe0 Src/TinyEngine/src/kernels/int_forward_op/avgpooling.o
                0x0000000008009914                avg_pooling
 .text._ZdaPv   0x00000000080099f4        0x4 c:/st/stm32cubeide_1.5.0/stm32cubeide/plugins/com.st.stm32cube.ide.mcu.externaltools.gnu-tools-for-stm32.7-2018-q2-update.win32_1.5.0.202011040924/tools/bin/../lib/gcc/arm-none-eabi/7.3.1/../../../../arm-none-eabi/lib/thumb/v7e-m/fpv4-sp/hard\libstdc++.a(del_opv.o)
                0x00000000080099f4                operator delete[](void*)
 .text._ZdlPv   0x00000000080099f8        0x4 c:/st/stm32cubeide_1.5.0/stm32cubeide/plugins/com.st.stm32cube.ide.mcu.externaltools.gnu-tools-for-stm32.7-2018-q2-update.win32_1.5.0.202011040924/tools/bin/../lib/gcc/arm-none-eabi/7.3.1/../../../../arm-none-eabi/lib/thumb/v7e-m/fpv4-sp/hard\libstdc++.a(del_op.o)
                0x00000000080099f8                operator delete(void*)
 .text.startup._GLOBAL__sub_I__ZN9__gnu_cxx9__freeresEv
                0x00000000080099fc       0x28 c:/st/stm32cubeide_1.5.0/stm32cubeide/plugins/com.st.stm32cube.ide.mcu.externaltools.gnu-tools-for-stm32.7-2018-q2-update.win32_1.5.0.202011040924/tools/bin/../lib/gcc/arm-none-eabi/7.3.1/../../../../arm-none-eabi/lib/thumb/v7e-m/fpv4-sp/hard\libstdc++.a(eh_alloc.o)
 .text.round    0x0000000008009a24       0x94 c:/st/stm32cubeide_1.5.0/stm32cubeide/plugins/com.st.stm32cube.ide.mcu.externaltools.gnu-tools-for-stm32.7-2018-q2-update.win32_1.5.0.202011040924/tools/bin/../lib/gcc/arm-none-eabi/7.3.1/../../../../arm-none-eabi/lib/thumb/v7e-m/fpv4-sp/hard\libm.a(lib_a-s_round.o)
                0x0000000008009a24                round
 .text.__errno  0x0000000008009ab8        0xc c:/st/stm32cubeide_1.5.0/stm32cubeide/plugins/com.st.stm32cube.ide.mcu.externaltools.gnu-tools-for-stm32.7-2018-q2-update.win32_1.5.0.202011040924/tools/bin/../lib/gcc/arm-none-eabi/7.3.1/../../../../arm-none-eabi/lib/thumb/v7e-m/fpv4-sp/hard\libc.a(lib_a-errno.o)
                0x0000000008009ab8                __errno
 .text.__libc_init_array
                0x0000000008009ac4       0x48 c:/st/stm32cubeide_1.5.0/stm32cubeide/plugins/com.st.stm32cube.ide.mcu.externaltools.gnu-tools-for-stm32.7-2018-q2-update.win32_1.5.0.202011040924/tools/bin/../lib/gcc/arm-none-eabi/7.3.1/../../../../arm-none-eabi/lib/thumb/v7e-m/fpv4-sp/hard\libc.a(lib_a-init.o)
                0x0000000008009ac4                __libc_init_array
 .text.__retarget_lock_acquire_recursive
                0x0000000008009b0c        0x2 c:/st/stm32cubeide_1.5.0/stm32cubeide/plugins/com.st.stm32cube.ide.mcu.externaltools.gnu-tools-for-stm32.7-2018-q2-update.win32_1.5.0.202011040924/tools/bin/../lib/gcc/arm-none-eabi/7.3.1/../../../../arm-none-eabi/lib/thumb/v7e-m/fpv4-sp/hard\libc.a(lib_a-lock.o)
                0x0000000008009b0c                __retarget_lock_acquire_recursive
 .text.__retarget_lock_release_recursive
                0x0000000008009b0e        0x2 c:/st/stm32cubeide_1.5.0/stm32cubeide/plugins/com.st.stm32cube.ide.mcu.externaltools.gnu-tools-for-stm32.7-2018-q2-update.win32_1.5.0.202011040924/tools/bin/../lib/gcc/arm-none-eabi/7.3.1/../../../../arm-none-eabi/lib/thumb/v7e-m/fpv4-sp/hard\libc.a(lib_a-lock.o)
                0x0000000008009b0e                __retarget_lock_release_recursive
 .text.malloc   0x0000000008009b10       0x10 c:/st/stm32cubeide_1.5.0/stm32cubeide/plugins/com.st.stm32cube.ide.mcu.externaltools.gnu-tools-for-stm32.7-2018-q2-update.win32_1.5.0.202011040924/tools/bin/../lib/gcc/arm-none-eabi/7.3.1/../../../../arm-none-eabi/lib/thumb/v7e-m/fpv4-sp/hard\libc.a(lib_a-malloc.o)
                0x0000000008009b10                malloc
 .text.free     0x0000000008009b20       0x10 c:/st/stm32cubeide_1.5.0/stm32cubeide/plugins/com.st.stm32cube.ide.mcu.externaltools.gnu-tools-for-stm32.7-2018-q2-update.win32_1.5.0.202011040924/tools/bin/../lib/gcc/arm-none-eabi/7.3.1/../../../../arm-none-eabi/lib/thumb/v7e-m/fpv4-sp/hard\libc.a(lib_a-malloc.o)
                0x0000000008009b20                free
 .text._malloc_r
                0x0000000008009b30      0x46c c:/st/stm32cubeide_1.5.0/stm32cubeide/plugins/com.st.stm32cube.ide.mcu.externaltools.gnu-tools-for-stm32.7-2018-q2-update.win32_1.5.0.202011040924/tools/bin/../lib/gcc/arm-none-eabi/7.3.1/../../../../arm-none-eabi/lib/thumb/v7e-m/fpv4-sp/hard\libc.a(lib_a-mallocr.o)
                0x0000000008009b30                _malloc_r
 .text.memcpy   0x0000000008009f9c       0x16 c:/st/stm32cubeide_1.5.0/stm32cubeide/plugins/com.st.stm32cube.ide.mcu.externaltools.gnu-tools-for-stm32.7-2018-q2-update.win32_1.5.0.202011040924/tools/bin/../lib/gcc/arm-none-eabi/7.3.1/../../../../arm-none-eabi/lib/thumb/v7e-m/fpv4-sp/hard\libc.a(lib_a-memcpy-stub.o)
                0x0000000008009f9c                memcpy
 .text.memmove  0x0000000008009fb2       0x32 c:/st/stm32cubeide_1.5.0/stm32cubeide/plugins/com.st.stm32cube.ide.mcu.externaltools.gnu-tools-for-stm32.7-2018-q2-update.win32_1.5.0.202011040924/tools/bin/../lib/gcc/arm-none-eabi/7.3.1/../../../../arm-none-eabi/lib/thumb/v7e-m/fpv4-sp/hard\libc.a(lib_a-memmove.o)
                0x0000000008009fb2                memmove
 .text.memset   0x0000000008009fe4       0x10 c:/st/stm32cubeide_1.5.0/stm32cubeide/plugins/com.st.stm32cube.ide.mcu.externaltools.gnu-tools-for-stm32.7-2018-q2-update.win32_1.5.0.202011040924/tools/bin/../lib/gcc/arm-none-eabi/7.3.1/../../../../arm-none-eabi/lib/thumb/v7e-m/fpv4-sp/hard\libc.a(lib_a-memset.o)
                0x0000000008009fe4                memset
 .text.__malloc_lock
                0x0000000008009ff4        0xc c:/st/stm32cubeide_1.5.0/stm32cubeide/plugins/com.st.stm32cube.ide.mcu.externaltools.gnu-tools-for-stm32.7-2018-q2-update.win32_1.5.0.202011040924/tools/bin/../lib/gcc/arm-none-eabi/7.3.1/../../../../arm-none-eabi/lib/thumb/v7e-m/fpv4-sp/hard\libc.a(lib_a-mlock.o)
                0x0000000008009ff4                __malloc_lock
 .text.__malloc_unlock
                0x000000000800a000        0xc c:/st/stm32cubeide_1.5.0/stm32cubeide/plugins/com.st.stm32cube.ide.mcu.externaltools.gnu-tools-for-stm32.7-2018-q2-update.win32_1.5.0.202011040924/tools/bin/../lib/gcc/arm-none-eabi/7.3.1/../../../../arm-none-eabi/lib/thumb/v7e-m/fpv4-sp/hard\libc.a(lib_a-mlock.o)
                0x000000000800a000                __malloc_unlock
 .text._realloc_r
                0x000000000800a00c      0x350 c:/st/stm32cubeide_1.5.0/stm32cubeide/plugins/com.st.stm32cube.ide.mcu.externaltools.gnu-tools-for-stm32.7-2018-q2-update.win32_1.5.0.202011040924/tools/bin/../lib/gcc/arm-none-eabi/7.3.1/../../../../arm-none-eabi/lib/thumb/v7e-m/fpv4-sp/hard\libc.a(lib_a-reallocr.o)
                0x000000000800a00c                _realloc_r
 .text._sbrk_r  0x000000000800a35c       0x20 c:/st/stm32cubeide_1.5.0/stm32cubeide/plugins/com.st.stm32cube.ide.mcu.externaltools.gnu-tools-for-stm32.7-2018-q2-update.win32_1.5.0.202011040924/tools/bin/../lib/gcc/arm-none-eabi/7.3.1/../../../../arm-none-eabi/lib/thumb/v7e-m/fpv4-sp/hard\libc.a(lib_a-sbrkr.o)
                0x000000000800a35c                _sbrk_r
 .text.sprintf  0x000000000800a37c       0x40 c:/st/stm32cubeide_1.5.0/stm32cubeide/plugins/com.st.stm32cube.ide.mcu.externaltools.gnu-tools-for-stm32.7-2018-q2-update.win32_1.5.0.202011040924/tools/bin/../lib/gcc/arm-none-eabi/7.3.1/../../../../arm-none-eabi/lib/thumb/v7e-m/fpv4-sp/hard\libc.a(lib_a-sprintf.o)
                0x000000000800a37c                sprintf
 *fill*         0x000000000800a3bc        0x4 
 .text._svfprintf_r
                0x000000000800a3c0     0x143c c:/st/stm32cubeide_1.5.0/stm32cubeide/plugins/com.st.stm32cube.ide.mcu.externaltools.gnu-tools-for-stm32.7-2018-q2-update.win32_1.5.0.202011040924/tools/bin/../lib/gcc/arm-none-eabi/7.3.1/../../../../arm-none-eabi/lib/thumb/v7e-m/fpv4-sp/hard\libc.a(lib_a-svfprintf.o)
                0x000000000800a3c0                _svfprintf_r
 .text.sysconf  0x000000000800b7fc       0x1a c:/st/stm32cubeide_1.5.0/stm32cubeide/plugins/com.st.stm32cube.ide.mcu.externaltools.gnu-tools-for-stm32.7-2018-q2-update.win32_1.5.0.202011040924/tools/bin/../lib/gcc/arm-none-eabi/7.3.1/../../../../arm-none-eabi/lib/thumb/v7e-m/fpv4-sp/hard\libc.a(lib_a-sysconf.o)
                0x000000000800b7fc                sysconf
 *fill*         0x000000000800b816        0x2 
 .text.startup.register_fini
                0x000000000800b818       0x14 c:/st/stm32cubeide_1.5.0/stm32cubeide/plugins/com.st.stm32cube.ide.mcu.externaltools.gnu-tools-for-stm32.7-2018-q2-update.win32_1.5.0.202011040924/tools/bin/../lib/gcc/arm-none-eabi/7.3.1/../../../../arm-none-eabi/lib/thumb/v7e-m/fpv4-sp/hard\libc.a(lib_a-__call_atexit.o)
 .text.atexit   0x000000000800b82c        0xc c:/st/stm32cubeide_1.5.0/stm32cubeide/plugins/com.st.stm32cube.ide.mcu.externaltools.gnu-tools-for-stm32.7-2018-q2-update.win32_1.5.0.202011040924/tools/bin/../lib/gcc/arm-none-eabi/7.3.1/../../../../arm-none-eabi/lib/thumb/v7e-m/fpv4-sp/hard\libc.a(lib_a-atexit.o)
                0x000000000800b82c                atexit
 .text.quorem   0x000000000800b838      0x118 c:/st/stm32cubeide_1.5.0/stm32cubeide/plugins/com.st.stm32cube.ide.mcu.externaltools.gnu-tools-for-stm32.7-2018-q2-update.win32_1.5.0.202011040924/tools/bin/../lib/gcc/arm-none-eabi/7.3.1/../../../../arm-none-eabi/lib/thumb/v7e-m/fpv4-sp/hard\libc.a(lib_a-dtoa.o)
 .text._dtoa_r  0x000000000800b950      0xb50 c:/st/stm32cubeide_1.5.0/stm32cubeide/plugins/com.st.stm32cube.ide.mcu.externaltools.gnu-tools-for-stm32.7-2018-q2-update.win32_1.5.0.202011040924/tools/bin/../lib/gcc/arm-none-eabi/7.3.1/../../../../arm-none-eabi/lib/thumb/v7e-m/fpv4-sp/hard\libc.a(lib_a-dtoa.o)
                0x000000000800b950                _dtoa_r
 .text.__libc_fini_array
                0x000000000800c4a0       0x28 c:/st/stm32cubeide_1.5.0/stm32cubeide/plugins/com.st.stm32cube.ide.mcu.externaltools.gnu-tools-for-stm32.7-2018-q2-update.win32_1.5.0.202011040924/tools/bin/../lib/gcc/arm-none-eabi/7.3.1/../../../../arm-none-eabi/lib/thumb/v7e-m/fpv4-sp/hard\libc.a(lib_a-fini.o)
                0x000000000800c4a0                __libc_fini_array
 .text._malloc_trim_r
                0x000000000800c4c8       0xa8 c:/st/stm32cubeide_1.5.0/stm32cubeide/plugins/com.st.stm32cube.ide.mcu.externaltools.gnu-tools-for-stm32.7-2018-q2-update.win32_1.5.0.202011040924/tools/bin/../lib/gcc/arm-none-eabi/7.3.1/../../../../arm-none-eabi/lib/thumb/v7e-m/fpv4-sp/hard\libc.a(lib_a-freer.o)
                0x000000000800c4c8                _malloc_trim_r
 .text._free_r  0x000000000800c570      0x178 c:/st/stm32cubeide_1.5.0/stm32cubeide/plugins/com.st.stm32cube.ide.mcu.externaltools.gnu-tools-for-stm32.7-2018-q2-update.win32_1.5.0.202011040924/tools/bin/../lib/gcc/arm-none-eabi/7.3.1/../../../../arm-none-eabi/lib/thumb/v7e-m/fpv4-sp/hard\libc.a(lib_a-freer.o)
                0x000000000800c570                _free_r
 .text._localeconv_r
                0x000000000800c6e8       0x1c c:/st/stm32cubeide_1.5.0/stm32cubeide/plugins/com.st.stm32cube.ide.mcu.externaltools.gnu-tools-for-stm32.7-2018-q2-update.win32_1.5.0.202011040924/tools/bin/../lib/gcc/arm-none-eabi/7.3.1/../../../../arm-none-eabi/lib/thumb/v7e-m/fpv4-sp/hard\libc.a(lib_a-localeconv.o)
                0x000000000800c6e8                _localeconv_r
 .text._Balloc  0x000000000800c704       0x4a c:/st/stm32cubeide_1.5.0/stm32cubeide/plugins/com.st.stm32cube.ide.mcu.externaltools.gnu-tools-for-stm32.7-2018-q2-update.win32_1.5.0.202011040924/tools/bin/../lib/gcc/arm-none-eabi/7.3.1/../../../../arm-none-eabi/lib/thumb/v7e-m/fpv4-sp/hard\libc.a(lib_a-mprec.o)
                0x000000000800c704                _Balloc
 .text._Bfree   0x000000000800c74e       0x12 c:/st/stm32cubeide_1.5.0/stm32cubeide/plugins/com.st.stm32cube.ide.mcu.externaltools.gnu-tools-for-stm32.7-2018-q2-update.win32_1.5.0.202011040924/tools/bin/../lib/gcc/arm-none-eabi/7.3.1/../../../../arm-none-eabi/lib/thumb/v7e-m/fpv4-sp/hard\libc.a(lib_a-mprec.o)
                0x000000000800c74e                _Bfree
 .text.__multadd
                0x000000000800c760       0x76 c:/st/stm32cubeide_1.5.0/stm32cubeide/plugins/com.st.stm32cube.ide.mcu.externaltools.gnu-tools-for-stm32.7-2018-q2-update.win32_1.5.0.202011040924/tools/bin/../lib/gcc/arm-none-eabi/7.3.1/../../../../arm-none-eabi/lib/thumb/v7e-m/fpv4-sp/hard\libc.a(lib_a-mprec.o)
                0x000000000800c760                __multadd
 .text.__hi0bits
                0x000000000800c7d6       0x3e c:/st/stm32cubeide_1.5.0/stm32cubeide/plugins/com.st.stm32cube.ide.mcu.externaltools.gnu-tools-for-stm32.7-2018-q2-update.win32_1.5.0.202011040924/tools/bin/../lib/gcc/arm-none-eabi/7.3.1/../../../../arm-none-eabi/lib/thumb/v7e-m/fpv4-sp/hard\libc.a(lib_a-mprec.o)
                0x000000000800c7d6                __hi0bits
 .text.__lo0bits
                0x000000000800c814       0x5e c:/st/stm32cubeide_1.5.0/stm32cubeide/plugins/com.st.stm32cube.ide.mcu.externaltools.gnu-tools-for-stm32.7-2018-q2-update.win32_1.5.0.202011040924/tools/bin/../lib/gcc/arm-none-eabi/7.3.1/../../../../arm-none-eabi/lib/thumb/v7e-m/fpv4-sp/hard\libc.a(lib_a-mprec.o)
                0x000000000800c814                __lo0bits
 .text.__i2b    0x000000000800c872       0x12 c:/st/stm32cubeide_1.5.0/stm32cubeide/plugins/com.st.stm32cube.ide.mcu.externaltools.gnu-tools-for-stm32.7-2018-q2-update.win32_1.5.0.202011040924/tools/bin/../lib/gcc/arm-none-eabi/7.3.1/../../../../arm-none-eabi/lib/thumb/v7e-m/fpv4-sp/hard\libc.a(lib_a-mprec.o)
                0x000000000800c872                __i2b
 .text.__multiply
                0x000000000800c884      0x12c c:/st/stm32cubeide_1.5.0/stm32cubeide/plugins/com.st.stm32cube.ide.mcu.externaltools.gnu-tools-for-stm32.7-2018-q2-update.win32_1.5.0.202011040924/tools/bin/../lib/gcc/arm-none-eabi/7.3.1/../../../../arm-none-eabi/lib/thumb/v7e-m/fpv4-sp/hard\libc.a(lib_a-mprec.o)
                0x000000000800c884                __multiply
 .text.__pow5mult
                0x000000000800c9b0       0x80 c:/st/stm32cubeide_1.5.0/stm32cubeide/plugins/com.st.stm32cube.ide.mcu.externaltools.gnu-tools-for-stm32.7-2018-q2-update.win32_1.5.0.202011040924/tools/bin/../lib/gcc/arm-none-eabi/7.3.1/../../../../arm-none-eabi/lib/thumb/v7e-m/fpv4-sp/hard\libc.a(lib_a-mprec.o)
                0x000000000800c9b0                __pow5mult
 .text.__lshift
                0x000000000800ca30       0xa8 c:/st/stm32cubeide_1.5.0/stm32cubeide/plugins/com.st.stm32cube.ide.mcu.externaltools.gnu-tools-for-stm32.7-2018-q2-update.win32_1.5.0.202011040924/tools/bin/../lib/gcc/arm-none-eabi/7.3.1/../../../../arm-none-eabi/lib/thumb/v7e-m/fpv4-sp/hard\libc.a(lib_a-mprec.o)
                0x000000000800ca30                __lshift
 .text.__mcmp   0x000000000800cad8       0x34 c:/st/stm32cubeide_1.5.0/stm32cubeide/plugins/com.st.stm32cube.ide.mcu.externaltools.gnu-tools-for-stm32.7-2018-q2-update.win32_1.5.0.202011040924/tools/bin/../lib/gcc/arm-none-eabi/7.3.1/../../../../arm-none-eabi/lib/thumb/v7e-m/fpv4-sp/hard\libc.a(lib_a-mprec.o)
                0x000000000800cad8                __mcmp
 .text.__mdiff  0x000000000800cb0c       0xba c:/st/stm32cubeide_1.5.0/stm32cubeide/plugins/com.st.stm32cube.ide.mcu.externaltools.gnu-tools-for-stm32.7-2018-q2-update.win32_1.5.0.202011040924/tools/bin/../lib/gcc/arm-none-eabi/7.3.1/../../../../arm-none-eabi/lib/thumb/v7e-m/fpv4-sp/hard\libc.a(lib_a-mprec.o)
                0x000000000800cb0c                __mdiff
 .text.__d2b    0x000000000800cbc6       0x9e c:/st/stm32cubeide_1.5.0/stm32cubeide/plugins/com.st.stm32cube.ide.mcu.externaltools.gnu-tools-for-stm32.7-2018-q2-update.win32_1.5.0.202011040924/tools/bin/../lib/gcc/arm-none-eabi/7.3.1/../../../../arm-none-eabi/lib/thumb/v7e-m/fpv4-sp/hard\libc.a(lib_a-mprec.o)
                0x000000000800cbc6                __d2b
 .text.frexp    0x000000000800cc64       0x6c c:/st/stm32cubeide_1.5.0/stm32cubeide/plugins/com.st.stm32cube.ide.mcu.externaltools.gnu-tools-for-stm32.7-2018-q2-update.win32_1.5.0.202011040924/tools/bin/../lib/gcc/arm-none-eabi/7.3.1/../../../../arm-none-eabi/lib/thumb/v7e-m/fpv4-sp/hard\libc.a(lib_a-s_frexp.o)
                0x000000000800cc64                frexp
 .text.strncpy  0x000000000800ccd0       0x2a c:/st/stm32cubeide_1.5.0/stm32cubeide/plugins/com.st.stm32cube.ide.mcu.externaltools.gnu-tools-for-stm32.7-2018-q2-update.win32_1.5.0.202011040924/tools/bin/../lib/gcc/arm-none-eabi/7.3.1/../../../../arm-none-eabi/lib/thumb/v7e-m/fpv4-sp/hard\libc.a(lib_a-strncpy.o)
                0x000000000800ccd0                strncpy
 .text.__ssprint_r
                0x000000000800ccfa       0xf0 c:/st/stm32cubeide_1.5.0/stm32cubeide/plugins/com.st.stm32cube.ide.mcu.externaltools.gnu-tools-for-stm32.7-2018-q2-update.win32_1.5.0.202011040924/tools/bin/../lib/gcc/arm-none-eabi/7.3.1/../../../../arm-none-eabi/lib/thumb/v7e-m/fpv4-sp/hard\libc.a(lib_a-svfiprintf.o)
                0x000000000800ccfa                __ssprint_r
 *fill*         0x000000000800cdea        0x2 
 .text.__register_exitproc
                0x000000000800cdec       0xac c:/st/stm32cubeide_1.5.0/stm32cubeide/plugins/com.st.stm32cube.ide.mcu.externaltools.gnu-tools-for-stm32.7-2018-q2-update.win32_1.5.0.202011040924/tools/bin/../lib/gcc/arm-none-eabi/7.3.1/../../../../arm-none-eabi/lib/thumb/v7e-m/fpv4-sp/hard\libc.a(lib_a-__atexit.o)
                0x000000000800cdec                __register_exitproc
 .text._calloc_r
                0x000000000800ce98       0x5a c:/st/stm32cubeide_1.5.0/stm32cubeide/plugins/com.st.stm32cube.ide.mcu.externaltools.gnu-tools-for-stm32.7-2018-q2-update.win32_1.5.0.202011040924/tools/bin/../lib/gcc/arm-none-eabi/7.3.1/../../../../arm-none-eabi/lib/thumb/v7e-m/fpv4-sp/hard\libc.a(lib_a-callocr.o)
                0x000000000800ce98                _calloc_r
 .text.__ascii_mbtowc
                0x000000000800cef2       0x24 c:/st/stm32cubeide_1.5.0/stm32cubeide/plugins/com.st.stm32cube.ide.mcu.externaltools.gnu-tools-for-stm32.7-2018-q2-update.win32_1.5.0.202011040924/tools/bin/../lib/gcc/arm-none-eabi/7.3.1/../../../../arm-none-eabi/lib/thumb/v7e-m/fpv4-sp/hard\libc.a(lib_a-mbtowc_r.o)
                0x000000000800cef2                __ascii_mbtowc
 .text.__ascii_wctomb
                0x000000000800cf16       0x1a c:/st/stm32cubeide_1.5.0/stm32cubeide/plugins/com.st.stm32cube.ide.mcu.externaltools.gnu-tools-for-stm32.7-2018-q2-update.win32_1.5.0.202011040924/tools/bin/../lib/gcc/arm-none-eabi/7.3.1/../../../../arm-none-eabi/lib/thumb/v7e-m/fpv4-sp/hard\libc.a(lib_a-wctomb_r.o)
                0x000000000800cf16                __ascii_wctomb
 .text._sbrk    0x000000000800cf30       0x1c c:/st/stm32cubeide_1.5.0/stm32cubeide/plugins/com.st.stm32cube.ide.mcu.externaltools.gnu-tools-for-stm32.7-2018-q2-update.win32_1.5.0.202011040924/tools/bin/../lib/gcc/arm-none-eabi/7.3.1/../../../../arm-none-eabi/lib/thumb/v7e-m/fpv4-sp/hard\libnosys.a(sbrk.o)
                0x000000000800cf30                _sbrk
 *(.glue_7)
 .glue_7        0x000000000800cf4c        0x0 linker stubs
 *(.glue_7t)
 .glue_7t       0x000000000800cf4c        0x0 linker stubs
 *(.eh_frame)
 .eh_frame      0x000000000800cf4c        0x0 c:/st/stm32cubeide_1.5.0/stm32cubeide/plugins/com.st.stm32cube.ide.mcu.externaltools.gnu-tools-for-stm32.7-2018-q2-update.win32_1.5.0.202011040924/tools/bin/../lib/gcc/arm-none-eabi/7.3.1/thumb/v7e-m/fpv4-sp/hard/crtbegin.o
 *(.init)
 .init          0x000000000800cf4c        0x4 c:/st/stm32cubeide_1.5.0/stm32cubeide/plugins/com.st.stm32cube.ide.mcu.externaltools.gnu-tools-for-stm32.7-2018-q2-update.win32_1.5.0.202011040924/tools/bin/../lib/gcc/arm-none-eabi/7.3.1/thumb/v7e-m/fpv4-sp/hard/crti.o
                0x000000000800cf4c                _init
 .init          0x000000000800cf50        0x8 c:/st/stm32cubeide_1.5.0/stm32cubeide/plugins/com.st.stm32cube.ide.mcu.externaltools.gnu-tools-for-stm32.7-2018-q2-update.win32_1.5.0.202011040924/tools/bin/../lib/gcc/arm-none-eabi/7.3.1/thumb/v7e-m/fpv4-sp/hard/crtn.o
 *(.fini)
 .fini          0x000000000800cf58        0x4 c:/st/stm32cubeide_1.5.0/stm32cubeide/plugins/com.st.stm32cube.ide.mcu.externaltools.gnu-tools-for-stm32.7-2018-q2-update.win32_1.5.0.202011040924/tools/bin/../lib/gcc/arm-none-eabi/7.3.1/thumb/v7e-m/fpv4-sp/hard/crti.o
                0x000000000800cf58                _fini
 .fini          0x000000000800cf5c        0x8 c:/st/stm32cubeide_1.5.0/stm32cubeide/plugins/com.st.stm32cube.ide.mcu.externaltools.gnu-tools-for-stm32.7-2018-q2-update.win32_1.5.0.202011040924/tools/bin/../lib/gcc/arm-none-eabi/7.3.1/thumb/v7e-m/fpv4-sp/hard/crtn.o
                0x000000000800cf64                . = ALIGN (0x4)
                0x000000000800cf64                _etext = .

.vfp11_veneer   0x000000000800cf64        0x0
 .vfp11_veneer  0x000000000800cf64        0x0 linker stubs

.v4_bx          0x000000000800cf64        0x0
 .v4_bx         0x000000000800cf64        0x0 linker stubs

.iplt           0x000000000800cf64        0x0
 .iplt          0x000000000800cf64        0x0 c:/st/stm32cubeide_1.5.0/stm32cubeide/plugins/com.st.stm32cube.ide.mcu.externaltools.gnu-tools-for-stm32.7-2018-q2-update.win32_1.5.0.202011040924/tools/bin/../lib/gcc/arm-none-eabi/7.3.1/thumb/v7e-m/fpv4-sp/hard/crtbegin.o

.rodata         0x000000000800cf68    0x7bc78
                0x000000000800cf68                . = ALIGN (0x4)
 *(.rodata)
 *(.rodata*)
 .rodata.BUTTON_IRQn
                0x000000000800cf68        0x6 Drivers/BSP/STM32746G-Discovery/stm32746g_discovery.o
                0x000000000800cf68                BUTTON_IRQn
 *fill*         0x000000000800cf6e        0x2 
 .rodata.BUTTON_PIN
                0x000000000800cf70        0x6 Drivers/BSP/STM32746G-Discovery/stm32746g_discovery.o
                0x000000000800cf70                BUTTON_PIN
 *fill*         0x000000000800cf76        0x2 
 .rodata.flagBitshiftOffset.11038
                0x000000000800cf78        0x8 Drivers/STM32F7xx_HAL_Driver/Src/stm32f7xx_hal_dma.o
 .rodata._Z14detectResponseifiii.str1.4
                0x000000000800cf80       0x7f Src/lcd.o
 *fill*         0x000000000800cfff        0x1 
 .rodata._ZL6person
                0x000000000800d000     0x4b00 Src/main.o
 .rodata.main.str1.4
                0x0000000008011b00        0xc Src/main.o
 .rodata.AHBPrescTable
                0x0000000008011b0c       0x10 Src/system_stm32f7xx.o
                0x0000000008011b0c                AHBPrescTable
 .rodata.CHWweight1
                0x0000000008011b1c       0x90 Src/TinyEngine/codegen/Source/genModel.o
                0x0000000008011b1c                CHWweight1
 .rodata.CHWweight10
                0x0000000008011bac      0x1b0 Src/TinyEngine/codegen/Source/genModel.o
                0x0000000008011bac                CHWweight10
 .rodata.CHWweight13
                0x0000000008011d5c      0x930 Src/TinyEngine/codegen/Source/genModel.o
                0x0000000008011d5c                CHWweight13
 .rodata.CHWweight16
                0x000000000801268c      0x510 Src/TinyEngine/codegen/Source/genModel.o
                0x000000000801268c                CHWweight16
 .rodata.CHWweight19
                0x0000000008012b9c      0xbb8 Src/TinyEngine/codegen/Source/genModel.o
                0x0000000008012b9c                CHWweight19
 .rodata.CHWweight22
                0x0000000008013754     0x1b90 Src/TinyEngine/codegen/Source/genModel.o
                0x0000000008013754                CHWweight22
 .rodata.CHWweight25
                0x00000000080152e4     0x2df0 Src/TinyEngine/codegen/Source/genModel.o
                0x00000000080152e4                CHWweight25
 .rodata.CHWweight28
                0x00000000080180d4      0x870 Src/TinyEngine/codegen/Source/genModel.o
                0x00000000080180d4                CHWweight28
 .rodata.CHWweight31
                0x0000000008018944      0x6c0 Src/TinyEngine/codegen/Source/genModel.o
                0x0000000008018944                CHWweight31
 .rodata.CHWweight34
                0x0000000008019004     0x1770 Src/TinyEngine/codegen/Source/genModel.o
                0x0000000008019004                CHWweight34
 .rodata.CHWweight37
                0x000000000801a774     0x10e0 Src/TinyEngine/codegen/Source/genModel.o
                0x000000000801a774                CHWweight37
 .rodata.CHWweight4
                0x000000000801b854      0x1b0 Src/TinyEngine/codegen/Source/genModel.o
                0x000000000801b854                CHWweight4
 .rodata.CHWweight40
                0x000000000801ba04      0xd80 Src/TinyEngine/codegen/Source/genModel.o
                0x000000000801ba04                CHWweight40
 .rodata.CHWweight43
                0x000000000801c784     0x3720 Src/TinyEngine/codegen/Source/genModel.o
                0x000000000801c784                CHWweight43
 .rodata.CHWweight7
                0x000000000801fea4      0x1b0 Src/TinyEngine/codegen/Source/genModel.o
                0x000000000801fea4                CHWweight7
 .rodata.bias0  0x0000000008020054       0x40 Src/TinyEngine/codegen/Source/genModel.o
                0x0000000008020054                bias0
 .rodata.bias11
                0x0000000008020094       0x40 Src/TinyEngine/codegen/Source/genModel.o
                0x0000000008020094                bias11
 .rodata.bias12
                0x00000000080200d4       0xc0 Src/TinyEngine/codegen/Source/genModel.o
                0x00000000080200d4                bias12
 .rodata.bias14
                0x0000000008020194       0x60 Src/TinyEngine/codegen/Source/genModel.o
                0x0000000008020194                bias14
 .rodata.bias15
                0x00000000080201f4      0x240 Src/TinyEngine/codegen/Source/genModel.o
                0x00000000080201f4                bias15
 .rodata.bias17
                0x0000000008020434       0x60 Src/TinyEngine/codegen/Source/genModel.o
                0x0000000008020434                bias17
 .rodata.bias18
                0x0000000008020494      0x1e0 Src/TinyEngine/codegen/Source/genModel.o
                0x0000000008020494                bias18
 .rodata.bias2  0x0000000008020674       0x20 Src/TinyEngine/codegen/Source/genModel.o
                0x0000000008020674                bias2
 .rodata.bias20
                0x0000000008020694       0x60 Src/TinyEngine/codegen/Source/genModel.o
                0x0000000008020694                bias20
 .rodata.bias21
                0x00000000080206f4      0x240 Src/TinyEngine/codegen/Source/genModel.o
                0x00000000080206f4                bias21
 .rodata.bias23
                0x0000000008020934       0xa0 Src/TinyEngine/codegen/Source/genModel.o
                0x0000000008020934                bias23
 .rodata.bias24
                0x00000000080209d4      0x3c0 Src/TinyEngine/codegen/Source/genModel.o
                0x00000000080209d4                bias24
 .rodata.bias26
                0x0000000008020d94       0xa0 Src/TinyEngine/codegen/Source/genModel.o
                0x0000000008020d94                bias26
 .rodata.bias27
                0x0000000008020e34      0x3c0 Src/TinyEngine/codegen/Source/genModel.o
                0x0000000008020e34                bias27
 .rodata.bias29
                0x00000000080211f4       0xc0 Src/TinyEngine/codegen/Source/genModel.o
                0x00000000080211f4                bias29
 .rodata.bias3  0x00000000080212b4       0xc0 Src/TinyEngine/codegen/Source/genModel.o
                0x00000000080212b4                bias3
 .rodata.bias30
                0x0000000008021374      0x300 Src/TinyEngine/codegen/Source/genModel.o
                0x0000000008021374                bias30
 .rodata.bias32
                0x0000000008021674       0xc0 Src/TinyEngine/codegen/Source/genModel.o
                0x0000000008021674                bias32
 .rodata.bias33
                0x0000000008021734      0x3c0 Src/TinyEngine/codegen/Source/genModel.o
                0x0000000008021734                bias33
 .rodata.bias35
                0x0000000008021af4      0x180 Src/TinyEngine/codegen/Source/genModel.o
                0x0000000008021af4                bias35
 .rodata.bias36
                0x0000000008021c74      0x780 Src/TinyEngine/codegen/Source/genModel.o
                0x0000000008021c74                bias36
 .rodata.bias38
                0x00000000080223f4      0x180 Src/TinyEngine/codegen/Source/genModel.o
                0x00000000080223f4                bias38
 .rodata.bias39
                0x0000000008022574      0x600 Src/TinyEngine/codegen/Source/genModel.o
                0x0000000008022574                bias39
 .rodata.bias41
                0x0000000008022b74      0x180 Src/TinyEngine/codegen/Source/genModel.o
                0x0000000008022b74                bias41
 .rodata.bias42
                0x0000000008022cf4      0x480 Src/TinyEngine/codegen/Source/genModel.o
                0x0000000008022cf4                bias42
 .rodata.bias44
                0x0000000008023174      0x280 Src/TinyEngine/codegen/Source/genModel.o
                0x0000000008023174                bias44
 .rodata.bias45
                0x00000000080233f4        0x8 Src/TinyEngine/codegen/Source/genModel.o
                0x00000000080233f4                bias45
 .rodata.bias5  0x00000000080233fc       0x40 Src/TinyEngine/codegen/Source/genModel.o
                0x00000000080233fc                bias5
 .rodata.bias6  0x000000000802343c       0xc0 Src/TinyEngine/codegen/Source/genModel.o
                0x000000000802343c                bias6
 .rodata.bias8  0x00000000080234fc       0x40 Src/TinyEngine/codegen/Source/genModel.o
                0x00000000080234fc                bias8
 .rodata.bias9  0x000000000802353c       0xc0 Src/TinyEngine/codegen/Source/genModel.o
                0x000000000802353c                bias9
 .rodata.offsetBias1
                0x00000000080235fc       0x40 Src/TinyEngine/codegen/Source/genModel.o
                0x00000000080235fc                offsetBias1
 .rodata.offsetBias10
                0x000000000802363c       0xc0 Src/TinyEngine/codegen/Source/genModel.o
                0x000000000802363c                offsetBias10
 .rodata.offsetBias13
                0x00000000080236fc       0xc0 Src/TinyEngine/codegen/Source/genModel.o
                0x00000000080236fc                offsetBias13
 .rodata.offsetBias16
                0x00000000080237bc      0x240 Src/TinyEngine/codegen/Source/genModel.o
                0x00000000080237bc                offsetBias16
 .rodata.offsetBias19
                0x00000000080239fc      0x1e0 Src/TinyEngine/codegen/Source/genModel.o
                0x00000000080239fc                offsetBias19
 .rodata.offsetBias22
                0x0000000008023bdc      0x240 Src/TinyEngine/codegen/Source/genModel.o
                0x0000000008023bdc                offsetBias22
 .rodata.offsetBias25
                0x0000000008023e1c      0x3c0 Src/TinyEngine/codegen/Source/genModel.o
                0x0000000008023e1c                offsetBias25
 .rodata.offsetBias28
                0x00000000080241dc      0x3c0 Src/TinyEngine/codegen/Source/genModel.o
                0x00000000080241dc                offsetBias28
 .rodata.offsetBias31
                0x000000000802459c      0x300 Src/TinyEngine/codegen/Source/genModel.o
                0x000000000802459c                offsetBias31
 .rodata.offsetBias34
                0x000000000802489c      0x3c0 Src/TinyEngine/codegen/Source/genModel.o
                0x000000000802489c                offsetBias34
 .rodata.offsetBias37
                0x0000000008024c5c      0x780 Src/TinyEngine/codegen/Source/genModel.o
                0x0000000008024c5c                offsetBias37
 .rodata.offsetBias4
                0x00000000080253dc       0xc0 Src/TinyEngine/codegen/Source/genModel.o
                0x00000000080253dc                offsetBias4
 .rodata.offsetBias40
                0x000000000802549c      0x600 Src/TinyEngine/codegen/Source/genModel.o
                0x000000000802549c                offsetBias40
 .rodata.offsetBias43
                0x0000000008025a9c      0x480 Src/TinyEngine/codegen/Source/genModel.o
                0x0000000008025a9c                offsetBias43
 .rodata.offsetBias7
                0x0000000008025f1c       0xc0 Src/TinyEngine/codegen/Source/genModel.o
                0x0000000008025f1c                offsetBias7
 .rodata.offsetRBias1
                0x0000000008025fdc       0x40 Src/TinyEngine/codegen/Source/genModel.o
                0x0000000008025fdc                offsetRBias1
 .rodata.offsetRBias10
                0x000000000802601c       0xc0 Src/TinyEngine/codegen/Source/genModel.o
                0x000000000802601c                offsetRBias10
 .rodata.offsetRBias13
                0x00000000080260dc       0xc0 Src/TinyEngine/codegen/Source/genModel.o
                0x00000000080260dc                offsetRBias13
 .rodata.offsetRBias16
                0x000000000802619c      0x240 Src/TinyEngine/codegen/Source/genModel.o
                0x000000000802619c                offsetRBias16
 .rodata.offsetRBias19
                0x00000000080263dc      0x1e0 Src/TinyEngine/codegen/Source/genModel.o
                0x00000000080263dc                offsetRBias19
 .rodata.offsetRBias22
                0x00000000080265bc      0x240 Src/TinyEngine/codegen/Source/genModel.o
                0x00000000080265bc                offsetRBias22
 .rodata.offsetRBias25
                0x00000000080267fc      0x3c0 Src/TinyEngine/codegen/Source/genModel.o
                0x00000000080267fc                offsetRBias25
 .rodata.offsetRBias28
                0x0000000008026bbc      0x3c0 Src/TinyEngine/codegen/Source/genModel.o
                0x0000000008026bbc                offsetRBias28
 .rodata.offsetRBias31
                0x0000000008026f7c      0x300 Src/TinyEngine/codegen/Source/genModel.o
                0x0000000008026f7c                offsetRBias31
 .rodata.offsetRBias34
                0x000000000802727c      0x3c0 Src/TinyEngine/codegen/Source/genModel.o
                0x000000000802727c                offsetRBias34
 .rodata.offsetRBias37
                0x000000000802763c      0x780 Src/TinyEngine/codegen/Source/genModel.o
                0x000000000802763c                offsetRBias37
 .rodata.offsetRBias4
                0x0000000008027dbc       0xc0 Src/TinyEngine/codegen/Source/genModel.o
                0x0000000008027dbc                offsetRBias4
 .rodata.offsetRBias40
                0x0000000008027e7c      0x600 Src/TinyEngine/codegen/Source/genModel.o
                0x0000000008027e7c                offsetRBias40
 .rodata.offsetRBias43
                0x000000000802847c      0x480 Src/TinyEngine/codegen/Source/genModel.o
                0x000000000802847c                offsetRBias43
 .rodata.offsetRBias7
                0x00000000080288fc       0xc0 Src/TinyEngine/codegen/Source/genModel.o
                0x00000000080288fc                offsetRBias7
 .rodata.scales0
                0x00000000080289bc       0x40 Src/TinyEngine/codegen/Source/genModel.o
                0x00000000080289bc                scales0
 .rodata.scales1
                0x00000000080289fc       0x40 Src/TinyEngine/codegen/Source/genModel.o
                0x00000000080289fc                scales1
 .rodata.scales10
                0x0000000008028a3c       0xc0 Src/TinyEngine/codegen/Source/genModel.o
                0x0000000008028a3c                scales10
 .rodata.scales11
                0x0000000008028afc       0x40 Src/TinyEngine/codegen/Source/genModel.o
                0x0000000008028afc                scales11
 .rodata.scales12
                0x0000000008028b3c       0xc0 Src/TinyEngine/codegen/Source/genModel.o
                0x0000000008028b3c                scales12
 .rodata.scales13
                0x0000000008028bfc       0xc0 Src/TinyEngine/codegen/Source/genModel.o
                0x0000000008028bfc                scales13
 .rodata.scales14
                0x0000000008028cbc       0x60 Src/TinyEngine/codegen/Source/genModel.o
                0x0000000008028cbc                scales14
 .rodata.scales15
                0x0000000008028d1c      0x240 Src/TinyEngine/codegen/Source/genModel.o
                0x0000000008028d1c                scales15
 .rodata.scales16
                0x0000000008028f5c      0x240 Src/TinyEngine/codegen/Source/genModel.o
                0x0000000008028f5c                scales16
 .rodata.scales17
                0x000000000802919c       0x60 Src/TinyEngine/codegen/Source/genModel.o
                0x000000000802919c                scales17
 .rodata.scales18
                0x00000000080291fc      0x1e0 Src/TinyEngine/codegen/Source/genModel.o
                0x00000000080291fc                scales18
 .rodata.scales19
                0x00000000080293dc      0x1e0 Src/TinyEngine/codegen/Source/genModel.o
                0x00000000080293dc                scales19
 .rodata.scales2
                0x00000000080295bc       0x20 Src/TinyEngine/codegen/Source/genModel.o
                0x00000000080295bc                scales2
 .rodata.scales20
                0x00000000080295dc       0x60 Src/TinyEngine/codegen/Source/genModel.o
                0x00000000080295dc                scales20
 .rodata.scales21
                0x000000000802963c      0x240 Src/TinyEngine/codegen/Source/genModel.o
                0x000000000802963c                scales21
 .rodata.scales22
                0x000000000802987c      0x240 Src/TinyEngine/codegen/Source/genModel.o
                0x000000000802987c                scales22
 .rodata.scales23
                0x0000000008029abc       0xa0 Src/TinyEngine/codegen/Source/genModel.o
                0x0000000008029abc                scales23
 .rodata.scales24
                0x0000000008029b5c      0x3c0 Src/TinyEngine/codegen/Source/genModel.o
                0x0000000008029b5c                scales24
 .rodata.scales25
                0x0000000008029f1c      0x3c0 Src/TinyEngine/codegen/Source/genModel.o
                0x0000000008029f1c                scales25
 .rodata.scales26
                0x000000000802a2dc       0xa0 Src/TinyEngine/codegen/Source/genModel.o
                0x000000000802a2dc                scales26
 .rodata.scales27
                0x000000000802a37c      0x3c0 Src/TinyEngine/codegen/Source/genModel.o
                0x000000000802a37c                scales27
 .rodata.scales28
                0x000000000802a73c      0x3c0 Src/TinyEngine/codegen/Source/genModel.o
                0x000000000802a73c                scales28
 .rodata.scales29
                0x000000000802aafc       0xc0 Src/TinyEngine/codegen/Source/genModel.o
                0x000000000802aafc                scales29
 .rodata.scales3
                0x000000000802abbc       0xc0 Src/TinyEngine/codegen/Source/genModel.o
                0x000000000802abbc                scales3
 .rodata.scales30
                0x000000000802ac7c      0x300 Src/TinyEngine/codegen/Source/genModel.o
                0x000000000802ac7c                scales30
 .rodata.scales31
                0x000000000802af7c      0x300 Src/TinyEngine/codegen/Source/genModel.o
                0x000000000802af7c                scales31
 .rodata.scales32
                0x000000000802b27c       0xc0 Src/TinyEngine/codegen/Source/genModel.o
                0x000000000802b27c                scales32
 .rodata.scales33
                0x000000000802b33c      0x3c0 Src/TinyEngine/codegen/Source/genModel.o
                0x000000000802b33c                scales33
 .rodata.scales34
                0x000000000802b6fc      0x3c0 Src/TinyEngine/codegen/Source/genModel.o
                0x000000000802b6fc                scales34
 .rodata.scales35
                0x000000000802babc      0x180 Src/TinyEngine/codegen/Source/genModel.o
                0x000000000802babc                scales35
 .rodata.scales36
                0x000000000802bc3c      0x780 Src/TinyEngine/codegen/Source/genModel.o
                0x000000000802bc3c                scales36
 .rodata.scales37
                0x000000000802c3bc      0x780 Src/TinyEngine/codegen/Source/genModel.o
                0x000000000802c3bc                scales37
 .rodata.scales38
                0x000000000802cb3c      0x180 Src/TinyEngine/codegen/Source/genModel.o
                0x000000000802cb3c                scales38
 .rodata.scales39
                0x000000000802ccbc      0x600 Src/TinyEngine/codegen/Source/genModel.o
                0x000000000802ccbc                scales39
 .rodata.scales4
                0x000000000802d2bc       0xc0 Src/TinyEngine/codegen/Source/genModel.o
                0x000000000802d2bc                scales4
 .rodata.scales40
                0x000000000802d37c      0x600 Src/TinyEngine/codegen/Source/genModel.o
                0x000000000802d37c                scales40
 .rodata.scales41
                0x000000000802d97c      0x180 Src/TinyEngine/codegen/Source/genModel.o
                0x000000000802d97c                scales41
 .rodata.scales42
                0x000000000802dafc      0x480 Src/TinyEngine/codegen/Source/genModel.o
                0x000000000802dafc                scales42
 .rodata.scales43
                0x000000000802df7c      0x480 Src/TinyEngine/codegen/Source/genModel.o
                0x000000000802df7c                scales43
 .rodata.scales44
                0x000000000802e3fc      0x280 Src/TinyEngine/codegen/Source/genModel.o
                0x000000000802e3fc                scales44
 .rodata.scales45
                0x000000000802e67c        0x8 Src/TinyEngine/codegen/Source/genModel.o
                0x000000000802e67c                scales45
 .rodata.scales5
                0x000000000802e684       0x40 Src/TinyEngine/codegen/Source/genModel.o
                0x000000000802e684                scales5
 .rodata.scales6
                0x000000000802e6c4       0xc0 Src/TinyEngine/codegen/Source/genModel.o
                0x000000000802e6c4                scales6
 .rodata.scales7
                0x000000000802e784       0xc0 Src/TinyEngine/codegen/Source/genModel.o
                0x000000000802e784                scales7
 .rodata.scales8
                0x000000000802e844       0x40 Src/TinyEngine/codegen/Source/genModel.o
                0x000000000802e844                scales8
 .rodata.scales9
                0x000000000802e884       0xc0 Src/TinyEngine/codegen/Source/genModel.o
                0x000000000802e884                scales9
 .rodata.weight0
                0x000000000802e944      0x1b0 Src/TinyEngine/codegen/Source/genModel.o
                0x000000000802e944                weight0
 .rodata.weight11
                0x000000000802eaf4      0x300 Src/TinyEngine/codegen/Source/genModel.o
                0x000000000802eaf4                weight11
 .rodata.weight12
                0x000000000802edf4      0x300 Src/TinyEngine/codegen/Source/genModel.o
                0x000000000802edf4                weight12
 .rodata.weight14
                0x000000000802f0f4      0x480 Src/TinyEngine/codegen/Source/genModel.o
                0x000000000802f0f4                weight14
 .rodata.weight15
                0x000000000802f574      0xd80 Src/TinyEngine/codegen/Source/genModel.o
                0x000000000802f574                weight15
 .rodata.weight17
                0x00000000080302f4      0xd80 Src/TinyEngine/codegen/Source/genModel.o
                0x00000000080302f4                weight17
 .rodata.weight18
                0x0000000008031074      0xb40 Src/TinyEngine/codegen/Source/genModel.o
                0x0000000008031074                weight18
 .rodata.weight2
                0x0000000008031bb4       0x80 Src/TinyEngine/codegen/Source/genModel.o
                0x0000000008031bb4                weight2
 .rodata.weight20
                0x0000000008031c34      0xb40 Src/TinyEngine/codegen/Source/genModel.o
                0x0000000008031c34                weight20
 .rodata.weight21
                0x0000000008032774      0xd80 Src/TinyEngine/codegen/Source/genModel.o
                0x0000000008032774                weight21
 .rodata.weight23
                0x00000000080334f4     0x1680 Src/TinyEngine/codegen/Source/genModel.o
                0x00000000080334f4                weight23
 .rodata.weight24
                0x0000000008034b74     0x2580 Src/TinyEngine/codegen/Source/genModel.o
                0x0000000008034b74                weight24
 .rodata.weight26
                0x00000000080370f4     0x2580 Src/TinyEngine/codegen/Source/genModel.o
                0x00000000080370f4                weight26
 .rodata.weight27
                0x0000000008039674     0x2580 Src/TinyEngine/codegen/Source/genModel.o
                0x0000000008039674                weight27
 .rodata.weight29
                0x000000000803bbf4     0x2d00 Src/TinyEngine/codegen/Source/genModel.o
                0x000000000803bbf4                weight29
 .rodata.weight3
                0x000000000803e8f4      0x180 Src/TinyEngine/codegen/Source/genModel.o
                0x000000000803e8f4                weight3
 .rodata.weight30
                0x000000000803ea74     0x2400 Src/TinyEngine/codegen/Source/genModel.o
                0x000000000803ea74                weight30
 .rodata.weight32
                0x0000000008040e74     0x2400 Src/TinyEngine/codegen/Source/genModel.o
                0x0000000008040e74                weight32
 .rodata.weight33
                0x0000000008043274     0x2d00 Src/TinyEngine/codegen/Source/genModel.o
                0x0000000008043274                weight33
 .rodata.weight35
                0x0000000008045f74     0x5a00 Src/TinyEngine/codegen/Source/genModel.o
                0x0000000008045f74                weight35
 .rodata.weight36
                0x000000000804b974     0xb400 Src/TinyEngine/codegen/Source/genModel.o
                0x000000000804b974                weight36
 .rodata.weight38
                0x0000000008056d74     0xb400 Src/TinyEngine/codegen/Source/genModel.o
                0x0000000008056d74                weight38
 .rodata.weight39
                0x0000000008062174     0x9000 Src/TinyEngine/codegen/Source/genModel.o
                0x0000000008062174                weight39
 .rodata.weight41
                0x000000000806b174     0x9000 Src/TinyEngine/codegen/Source/genModel.o
                0x000000000806b174                weight41
 .rodata.weight42
                0x0000000008074174     0x6c00 Src/TinyEngine/codegen/Source/genModel.o
                0x0000000008074174                weight42
 .rodata.weight44
                0x000000000807ad74     0xb400 Src/TinyEngine/codegen/Source/genModel.o
                0x000000000807ad74                weight44
 .rodata.weight45
                0x0000000008086174      0x140 Src/TinyEngine/codegen/Source/genModel.o
                0x0000000008086174                weight45
 .rodata.weight5
                0x00000000080862b4      0x300 Src/TinyEngine/codegen/Source/genModel.o
                0x00000000080862b4                weight5
 .rodata.weight6
                0x00000000080865b4      0x300 Src/TinyEngine/codegen/Source/genModel.o
                0x00000000080865b4                weight6
 .rodata.weight8
                0x00000000080868b4      0x300 Src/TinyEngine/codegen/Source/genModel.o
                0x00000000080868b4                weight8
 .rodata.weight9
                0x0000000008086bb4      0x300 Src/TinyEngine/codegen/Source/genModel.o
                0x0000000008086bb4                weight9
 .rodata.Font24_Table
                0x0000000008086eb4     0x1ab8 Utilities/Fonts/font24.o
                0x0000000008086eb4                Font24_Table
 .rodata._global_impure_ptr
                0x000000000808896c        0x4 c:/st/stm32cubeide_1.5.0/stm32cubeide/plugins/com.st.stm32cube.ide.mcu.externaltools.gnu-tools-for-stm32.7-2018-q2-update.win32_1.5.0.202011040924/tools/bin/../lib/gcc/arm-none-eabi/7.3.1/../../../../arm-none-eabi/lib/thumb/v7e-m/fpv4-sp/hard\libc.a(lib_a-impure.o)
                0x000000000808896c                _global_impure_ptr
 .rodata._svfprintf_r.str1.1